<?xml version="1.0"?>
<link_info>
   <banner>TI ARM Linker Unix v16.9.3.LTS</banner>
   <copyright>Copyright (c) 1996-2017 Texas Instruments Incorporated</copyright>
   <link_time>0x59ad8a09</link_time>
   <link_errors>0x0</link_errors>
   <output_file>Auto-Control via Internet.out</output_file>
   <entry_point>
      <name>_c_int00</name>
      <address>0xb1e5</address>
   </entry_point>
   <input_file_list>
      <input_file id="fl-2">
         <path>./</path>
         <kind>object</kind>
         <file>main.obj</file>
         <name>main.obj</name>
      </input_file>
      <input_file id="fl-3">
         <path>./lib/</path>
         <kind>object</kind>
         <file>CLK.1.0.1.obj</file>
         <name>CLK.1.0.1.obj</name>
      </input_file>
      <input_file id="fl-4">
         <path>./lib/</path>
         <kind>object</kind>
         <file>GPIO.1.0.1.obj</file>
         <name>GPIO.1.0.1.obj</name>
      </input_file>
      <input_file id="fl-5">
         <path>./lib/</path>
         <kind>object</kind>
         <file>LAUNCHPAD.1.0.1.obj</file>
         <name>LAUNCHPAD.1.0.1.obj</name>
      </input_file>
      <input_file id="fl-6">
         <path>./lib/</path>
         <kind>object</kind>
         <file>TIMER.1.0.1.obj</file>
         <name>TIMER.1.0.1.obj</name>
      </input_file>
      <input_file id="fl-7">
         <path>./lib/</path>
         <kind>object</kind>
         <file>UART.1.0.1.obj</file>
         <name>UART.1.0.1.obj</name>
      </input_file>
      <input_file id="fl-8">
         <path>./lib/ti/</path>
         <kind>object</kind>
         <file>uartstdio.obj</file>
         <name>uartstdio.obj</name>
      </input_file>
      <input_file id="fl-9">
         <path>./modules/actuator/</path>
         <kind>object</kind>
         <file>actuator.obj</file>
         <name>actuator.obj</name>
      </input_file>
      <input_file id="fl-a">
         <path>./modules/keypad/</path>
         <kind>object</kind>
         <file>keypad.obj</file>
         <name>keypad.obj</name>
      </input_file>
      <input_file id="fl-b">
         <path>./modules/lcd/</path>
         <kind>object</kind>
         <file>lcd.obj</file>
         <name>lcd.obj</name>
      </input_file>
      <input_file id="fl-c">
         <path>./modules/wifi/</path>
         <kind>object</kind>
         <file>esp.obj</file>
         <name>esp.obj</name>
      </input_file>
      <input_file id="fl-d">
         <path>./modules/wifi/</path>
         <kind>object</kind>
         <file>frame.obj</file>
         <name>frame.obj</name>
      </input_file>
      <input_file id="fl-e">
         <path>./modules/wifi/</path>
         <kind>object</kind>
         <file>wifi.obj</file>
         <name>wifi.obj</name>
      </input_file>
      <input_file id="fl-f">
         <path>./system/</path>
         <kind>object</kind>
         <file>system.obj</file>
         <name>system.obj</name>
      </input_file>
      <input_file id="fl-10">
         <path>./system/</path>
         <kind>object</kind>
         <file>tm4c1294ncpdt_startup_ccs.obj</file>
         <name>tm4c1294ncpdt_startup_ccs.obj</name>
      </input_file>
      <input_file id="fl-15">
         <kind>object</kind>
         <file>&lt;internal&gt;</file>
         <name>&lt;internal&gt;</name>
      </input_file>
      <input_file id="fl-16">
         <path>/home/chinhthuy/ti/Tivaware/driverlib/ccs/Debug/</path>
         <kind>archive</kind>
         <file>driverlib.lib</file>
         <name>gpio.obj</name>
      </input_file>
      <input_file id="fl-17">
         <path>/home/chinhthuy/ti/Tivaware/driverlib/ccs/Debug/</path>
         <kind>archive</kind>
         <file>driverlib.lib</file>
         <name>interrupt.obj</name>
      </input_file>
      <input_file id="fl-18">
         <path>/home/chinhthuy/ti/Tivaware/driverlib/ccs/Debug/</path>
         <kind>archive</kind>
         <file>driverlib.lib</file>
         <name>sysctl.obj</name>
      </input_file>
      <input_file id="fl-19">
         <path>/home/chinhthuy/ti/Tivaware/driverlib/ccs/Debug/</path>
         <kind>archive</kind>
         <file>driverlib.lib</file>
         <name>timer.obj</name>
      </input_file>
      <input_file id="fl-1a">
         <path>/home/chinhthuy/ti/Tivaware/driverlib/ccs/Debug/</path>
         <kind>archive</kind>
         <file>driverlib.lib</file>
         <name>uart.obj</name>
      </input_file>
      <input_file id="fl-1b">
         <path>/home/chinhthuy/ti/Tivaware/driverlib/ccs/Debug/</path>
         <kind>archive</kind>
         <file>driverlib.lib</file>
         <name>cpu.obj</name>
      </input_file>
      <input_file id="fl-d1">
         <path>/home/chinhthuy/ti/ccsv7/tools/compiler/ti-cgt-arm_16.9.3.LTS/lib/</path>
         <kind>archive</kind>
         <file>rtsv7M4_T_le_v4SPD16_eabi.lib</file>
         <name>boot.obj</name>
      </input_file>
      <input_file id="fl-d2">
         <path>/home/chinhthuy/ti/ccsv7/tools/compiler/ti-cgt-arm_16.9.3.LTS/lib/</path>
         <kind>archive</kind>
         <file>rtsv7M4_T_le_v4SPD16_eabi.lib</file>
         <name>copy_decompress_lzss.obj</name>
      </input_file>
      <input_file id="fl-d3">
         <path>/home/chinhthuy/ti/ccsv7/tools/compiler/ti-cgt-arm_16.9.3.LTS/lib/</path>
         <kind>archive</kind>
         <file>rtsv7M4_T_le_v4SPD16_eabi.lib</file>
         <name>copy_decompress_none.obj</name>
      </input_file>
      <input_file id="fl-d4">
         <path>/home/chinhthuy/ti/ccsv7/tools/compiler/ti-cgt-arm_16.9.3.LTS/lib/</path>
         <kind>archive</kind>
         <file>rtsv7M4_T_le_v4SPD16_eabi.lib</file>
         <name>copy_zero_init.obj</name>
      </input_file>
      <input_file id="fl-d5">
         <path>/home/chinhthuy/ti/ccsv7/tools/compiler/ti-cgt-arm_16.9.3.LTS/lib/</path>
         <kind>archive</kind>
         <file>rtsv7M4_T_le_v4SPD16_eabi.lib</file>
         <name>exit.obj</name>
      </input_file>
      <input_file id="fl-d6">
         <path>/home/chinhthuy/ti/ccsv7/tools/compiler/ti-cgt-arm_16.9.3.LTS/lib/</path>
         <kind>archive</kind>
         <file>rtsv7M4_T_le_v4SPD16_eabi.lib</file>
         <name>memcpy_t2.obj</name>
      </input_file>
      <input_file id="fl-d7">
         <path>/home/chinhthuy/ti/ccsv7/tools/compiler/ti-cgt-arm_16.9.3.LTS/lib/</path>
         <kind>archive</kind>
         <file>rtsv7M4_T_le_v4SPD16_eabi.lib</file>
         <name>memset_t2.obj</name>
      </input_file>
      <input_file id="fl-d8">
         <path>/home/chinhthuy/ti/ccsv7/tools/compiler/ti-cgt-arm_16.9.3.LTS/lib/</path>
         <kind>archive</kind>
         <file>rtsv7M4_T_le_v4SPD16_eabi.lib</file>
         <name>mpu_init.obj</name>
      </input_file>
      <input_file id="fl-d9">
         <path>/home/chinhthuy/ti/ccsv7/tools/compiler/ti-cgt-arm_16.9.3.LTS/lib/</path>
         <kind>archive</kind>
         <file>rtsv7M4_T_le_v4SPD16_eabi.lib</file>
         <name>pre_init.obj</name>
      </input_file>
      <input_file id="fl-da">
         <path>/home/chinhthuy/ti/ccsv7/tools/compiler/ti-cgt-arm_16.9.3.LTS/lib/</path>
         <kind>archive</kind>
         <file>rtsv7M4_T_le_v4SPD16_eabi.lib</file>
         <name>sprintf.obj</name>
      </input_file>
      <input_file id="fl-db">
         <path>/home/chinhthuy/ti/ccsv7/tools/compiler/ti-cgt-arm_16.9.3.LTS/lib/</path>
         <kind>archive</kind>
         <file>rtsv7M4_T_le_v4SPD16_eabi.lib</file>
         <name>stkdepth_vars.obj</name>
      </input_file>
      <input_file id="fl-dc">
         <path>/home/chinhthuy/ti/ccsv7/tools/compiler/ti-cgt-arm_16.9.3.LTS/lib/</path>
         <kind>archive</kind>
         <file>rtsv7M4_T_le_v4SPD16_eabi.lib</file>
         <name>strcat.obj</name>
      </input_file>
      <input_file id="fl-dd">
         <path>/home/chinhthuy/ti/ccsv7/tools/compiler/ti-cgt-arm_16.9.3.LTS/lib/</path>
         <kind>archive</kind>
         <file>rtsv7M4_T_le_v4SPD16_eabi.lib</file>
         <name>strcpy.obj</name>
      </input_file>
      <input_file id="fl-de">
         <path>/home/chinhthuy/ti/ccsv7/tools/compiler/ti-cgt-arm_16.9.3.LTS/lib/</path>
         <kind>archive</kind>
         <file>rtsv7M4_T_le_v4SPD16_eabi.lib</file>
         <name>strlen.obj</name>
      </input_file>
      <input_file id="fl-df">
         <path>/home/chinhthuy/ti/ccsv7/tools/compiler/ti-cgt-arm_16.9.3.LTS/lib/</path>
         <kind>archive</kind>
         <file>rtsv7M4_T_le_v4SPD16_eabi.lib</file>
         <name>strstr.obj</name>
      </input_file>
      <input_file id="fl-e0">
         <path>/home/chinhthuy/ti/ccsv7/tools/compiler/ti-cgt-arm_16.9.3.LTS/lib/</path>
         <kind>archive</kind>
         <file>rtsv7M4_T_le_v4SPD16_eabi.lib</file>
         <name>u_divt2.obj</name>
      </input_file>
      <input_file id="fl-e1">
         <path>/home/chinhthuy/ti/ccsv7/tools/compiler/ti-cgt-arm_16.9.3.LTS/lib/</path>
         <kind>archive</kind>
         <file>rtsv7M4_T_le_v4SPD16_eabi.lib</file>
         <name>_lock.obj</name>
      </input_file>
      <input_file id="fl-e2">
         <path>/home/chinhthuy/ti/ccsv7/tools/compiler/ti-cgt-arm_16.9.3.LTS/lib/</path>
         <kind>archive</kind>
         <file>rtsv7M4_T_le_v4SPD16_eabi.lib</file>
         <name>_printfi.obj</name>
      </input_file>
      <input_file id="fl-e3">
         <path>/home/chinhthuy/ti/ccsv7/tools/compiler/ti-cgt-arm_16.9.3.LTS/lib/</path>
         <kind>archive</kind>
         <file>rtsv7M4_T_le_v4SPD16_eabi.lib</file>
         <name>args_main.obj</name>
      </input_file>
      <input_file id="fl-e4">
         <path>/home/chinhthuy/ti/ccsv7/tools/compiler/ti-cgt-arm_16.9.3.LTS/lib/</path>
         <kind>archive</kind>
         <file>rtsv7M4_T_le_v4SPD16_eabi.lib</file>
         <name>atoi.obj</name>
      </input_file>
      <input_file id="fl-e5">
         <path>/home/chinhthuy/ti/ccsv7/tools/compiler/ti-cgt-arm_16.9.3.LTS/lib/</path>
         <kind>archive</kind>
         <file>rtsv7M4_T_le_v4SPD16_eabi.lib</file>
         <name>autoinit.obj</name>
      </input_file>
      <input_file id="fl-e6">
         <path>/home/chinhthuy/ti/ccsv7/tools/compiler/ti-cgt-arm_16.9.3.LTS/lib/</path>
         <kind>archive</kind>
         <file>rtsv7M4_T_le_v4SPD16_eabi.lib</file>
         <name>cpy_tbl.obj</name>
      </input_file>
      <input_file id="fl-e7">
         <path>/home/chinhthuy/ti/ccsv7/tools/compiler/ti-cgt-arm_16.9.3.LTS/lib/</path>
         <kind>archive</kind>
         <file>rtsv7M4_T_le_v4SPD16_eabi.lib</file>
         <name>ctype.obj</name>
      </input_file>
      <input_file id="fl-e8">
         <path>/home/chinhthuy/ti/ccsv7/tools/compiler/ti-cgt-arm_16.9.3.LTS/lib/</path>
         <kind>archive</kind>
         <file>rtsv7M4_T_le_v4SPD16_eabi.lib</file>
         <name>fd_add_t2.obj</name>
      </input_file>
      <input_file id="fl-e9">
         <path>/home/chinhthuy/ti/ccsv7/tools/compiler/ti-cgt-arm_16.9.3.LTS/lib/</path>
         <kind>archive</kind>
         <file>rtsv7M4_T_le_v4SPD16_eabi.lib</file>
         <name>fd_cmp_t2.obj</name>
      </input_file>
      <input_file id="fl-ea">
         <path>/home/chinhthuy/ti/ccsv7/tools/compiler/ti-cgt-arm_16.9.3.LTS/lib/</path>
         <kind>archive</kind>
         <file>rtsv7M4_T_le_v4SPD16_eabi.lib</file>
         <name>fd_div_t2.obj</name>
      </input_file>
      <input_file id="fl-eb">
         <path>/home/chinhthuy/ti/ccsv7/tools/compiler/ti-cgt-arm_16.9.3.LTS/lib/</path>
         <kind>archive</kind>
         <file>rtsv7M4_T_le_v4SPD16_eabi.lib</file>
         <name>fd_mul_t2.obj</name>
      </input_file>
      <input_file id="fl-ec">
         <path>/home/chinhthuy/ti/ccsv7/tools/compiler/ti-cgt-arm_16.9.3.LTS/lib/</path>
         <kind>archive</kind>
         <file>rtsv7M4_T_le_v4SPD16_eabi.lib</file>
         <name>fd_toi_t2.obj</name>
      </input_file>
      <input_file id="fl-ed">
         <path>/home/chinhthuy/ti/ccsv7/tools/compiler/ti-cgt-arm_16.9.3.LTS/lib/</path>
         <kind>archive</kind>
         <file>rtsv7M4_T_le_v4SPD16_eabi.lib</file>
         <name>i_div0.obj</name>
      </input_file>
      <input_file id="fl-ee">
         <path>/home/chinhthuy/ti/ccsv7/tools/compiler/ti-cgt-arm_16.9.3.LTS/lib/</path>
         <kind>archive</kind>
         <file>rtsv7M4_T_le_v4SPD16_eabi.lib</file>
         <name>i_tofd_t2.obj</name>
      </input_file>
      <input_file id="fl-ef">
         <path>/home/chinhthuy/ti/ccsv7/tools/compiler/ti-cgt-arm_16.9.3.LTS/lib/</path>
         <kind>archive</kind>
         <file>rtsv7M4_T_le_v4SPD16_eabi.lib</file>
         <name>ltoa.obj</name>
      </input_file>
      <input_file id="fl-f0">
         <path>/home/chinhthuy/ti/ccsv7/tools/compiler/ti-cgt-arm_16.9.3.LTS/lib/</path>
         <kind>archive</kind>
         <file>rtsv7M4_T_le_v4SPD16_eabi.lib</file>
         <name>memccpy.obj</name>
      </input_file>
      <input_file id="fl-f1">
         <path>/home/chinhthuy/ti/ccsv7/tools/compiler/ti-cgt-arm_16.9.3.LTS/lib/</path>
         <kind>archive</kind>
         <file>rtsv7M4_T_le_v4SPD16_eabi.lib</file>
         <name>s_frexp.obj</name>
      </input_file>
      <input_file id="fl-f2">
         <path>/home/chinhthuy/ti/ccsv7/tools/compiler/ti-cgt-arm_16.9.3.LTS/lib/</path>
         <kind>archive</kind>
         <file>rtsv7M4_T_le_v4SPD16_eabi.lib</file>
         <name>s_scalbn.obj</name>
      </input_file>
      <input_file id="fl-f3">
         <path>/home/chinhthuy/ti/ccsv7/tools/compiler/ti-cgt-arm_16.9.3.LTS/lib/</path>
         <kind>archive</kind>
         <file>rtsv7M4_T_le_v4SPD16_eabi.lib</file>
         <name>startup.obj</name>
      </input_file>
      <input_file id="fl-f4">
         <path>/home/chinhthuy/ti/ccsv7/tools/compiler/ti-cgt-arm_16.9.3.LTS/lib/</path>
         <kind>archive</kind>
         <file>rtsv7M4_T_le_v4SPD16_eabi.lib</file>
         <name>strchr.obj</name>
      </input_file>
      <input_file id="fl-f5">
         <path>/home/chinhthuy/ti/ccsv7/tools/compiler/ti-cgt-arm_16.9.3.LTS/lib/</path>
         <kind>archive</kind>
         <file>rtsv7M4_T_le_v4SPD16_eabi.lib</file>
         <name>ull_div_t2.obj</name>
      </input_file>
      <input_file id="fl-f6">
         <path>/home/chinhthuy/ti/ccsv7/tools/compiler/ti-cgt-arm_16.9.3.LTS/lib/</path>
         <kind>archive</kind>
         <file>rtsv7M4_T_le_v4SPD16_eabi.lib</file>
         <name>errno.obj</name>
      </input_file>
      <input_file id="fl-f7">
         <path>/home/chinhthuy/ti/ccsv7/tools/compiler/ti-cgt-arm_16.9.3.LTS/lib/</path>
         <kind>archive</kind>
         <file>rtsv7M4_T_le_v4SPD16_eabi.lib</file>
         <name>s_copysign.obj</name>
      </input_file>
   </input_file_list>
   <object_component_list>
      <object_component id="oc-f">
         <name>.intvecs</name>
         <load_address>0x0</load_address>
         <run_address>0x0</run_address>
         <size>0x208</size>
         <input_file_ref idref="fl-10"/>
      </object_component>
      <object_component id="oc-11c">
         <name>.text</name>
         <load_address>0x208</load_address>
         <run_address>0x208</run_address>
         <size>0x714a</size>
         <input_file_ref idref="fl-3"/>
      </object_component>
      <object_component id="oc-299">
         <name>.text</name>
         <load_address>0x7352</load_address>
         <run_address>0x7352</run_address>
         <size>0x2</size>
         <input_file_ref idref="fl-ed"/>
      </object_component>
      <object_component id="oc-1e9">
         <name>.text</name>
         <load_address>0x7354</load_address>
         <run_address>0x7354</run_address>
         <size>0x113e</size>
         <input_file_ref idref="fl-e2"/>
      </object_component>
      <object_component id="oc-5d">
         <name>.text</name>
         <load_address>0x8492</load_address>
         <run_address>0x8492</run_address>
         <size>0x2</size>
         <input_file_ref idref="fl-d8"/>
      </object_component>
      <object_component id="oc-a4">
         <name>.text</name>
         <load_address>0x8494</load_address>
         <run_address>0x8494</run_address>
         <size>0x5b8</size>
         <input_file_ref idref="fl-7"/>
      </object_component>
      <object_component id="oc-b0">
         <name>.text</name>
         <load_address>0x8a4c</load_address>
         <run_address>0x8a4c</run_address>
         <size>0x49c</size>
         <input_file_ref idref="fl-8"/>
      </object_component>
      <object_component id="oc-9e">
         <name>.text</name>
         <load_address>0x8ee8</load_address>
         <run_address>0x8ee8</run_address>
         <size>0x47c</size>
         <input_file_ref idref="fl-4"/>
      </object_component>
      <object_component id="oc-38a">
         <name>.text</name>
         <load_address>0x9364</load_address>
         <run_address>0x9364</run_address>
         <size>0x444</size>
         <input_file_ref idref="fl-a"/>
      </object_component>
      <object_component id="oc-31">
         <name>.text</name>
         <load_address>0x97a8</load_address>
         <run_address>0x97a8</run_address>
         <size>0x354</size>
         <input_file_ref idref="fl-e"/>
      </object_component>
      <object_component id="oc-80">
         <name>.text</name>
         <load_address>0x9afc</load_address>
         <run_address>0x9afc</run_address>
         <size>0x2bc</size>
         <input_file_ref idref="fl-c"/>
      </object_component>
      <object_component id="oc-aa">
         <name>.text</name>
         <load_address>0x9db8</load_address>
         <run_address>0x9db8</run_address>
         <size>0x2b0</size>
         <input_file_ref idref="fl-6"/>
      </object_component>
      <object_component id="oc-c2">
         <name>.text</name>
         <load_address>0xa068</load_address>
         <run_address>0xa068</run_address>
         <size>0x218</size>
         <input_file_ref idref="fl-d"/>
      </object_component>
      <object_component id="oc-23a">
         <name>.text:SysCtlClockFreqSet</name>
         <load_address>0xa280</load_address>
         <run_address>0xa280</run_address>
         <size>0x200</size>
         <input_file_ref idref="fl-18"/>
      </object_component>
      <object_component id="oc-2a6">
         <name>.text</name>
         <load_address>0xa480</load_address>
         <run_address>0xa480</run_address>
         <size>0x1f4</size>
         <input_file_ref idref="fl-f5"/>
      </object_component>
      <object_component id="oc-2cf">
         <name>.text</name>
         <load_address>0xa674</load_address>
         <run_address>0xa674</run_address>
         <size>0x1b6</size>
         <input_file_ref idref="fl-e8"/>
      </object_component>
      <object_component id="oc-2b5">
         <name>.text</name>
         <load_address>0xa82a</load_address>
         <run_address>0xa82a</run_address>
         <size>0x136</size>
         <input_file_ref idref="fl-ea"/>
      </object_component>
      <object_component id="oc-145">
         <name>.text:GPIOPadConfigSet</name>
         <load_address>0xa960</load_address>
         <run_address>0xa960</run_address>
         <size>0x132</size>
         <input_file_ref idref="fl-16"/>
      </object_component>
      <object_component id="oc-2b0">
         <name>.text</name>
         <load_address>0xaa92</load_address>
         <run_address>0xaa92</run_address>
         <size>0xfc</size>
         <input_file_ref idref="fl-eb"/>
      </object_component>
      <object_component id="oc-101">
         <name>.text</name>
         <load_address>0xab8e</load_address>
         <run_address>0xab8e</run_address>
         <size>0x2</size>
         <input_file_ref idref="fl-f3"/>
      </object_component>
      <object_component id="oc-2da">
         <name>.text</name>
         <load_address>0xab90</load_address>
         <run_address>0xab90</run_address>
         <size>0xfc</size>
         <input_file_ref idref="fl-f2"/>
      </object_component>
      <object_component id="oc-45">
         <name>.text</name>
         <load_address>0xac8c</load_address>
         <run_address>0xac8c</run_address>
         <size>0x9c</size>
         <input_file_ref idref="fl-d6"/>
      </object_component>
      <object_component id="oc-2ab">
         <name>.text:__aeabi_cdcmple</name>
         <load_address>0xad28</load_address>
         <run_address>0xad28</run_address>
         <size>0x86</size>
         <input_file_ref idref="fl-e9"/>
      </object_component>
      <object_component id="oc-2ba">
         <name>.text:__aeabi_cdrcmple</name>
         <load_address>0xadae</load_address>
         <run_address>0xadae</run_address>
         <size>0x86</size>
         <input_file_ref idref="fl-e9"/>
      </object_component>
      <object_component id="oc-51">
         <name>.text</name>
         <load_address>0xae34</load_address>
         <run_address>0xae34</run_address>
         <size>0x7a</size>
         <input_file_ref idref="fl-d7"/>
      </object_component>
      <object_component id="oc-384">
         <name>.text</name>
         <load_address>0xaeb0</load_address>
         <run_address>0xaeb0</run_address>
         <size>0x78</size>
         <input_file_ref idref="fl-9"/>
      </object_component>
      <object_component id="oc-69">
         <name>.text</name>
         <load_address>0xaf28</load_address>
         <run_address>0xaf28</run_address>
         <size>0x70</size>
         <input_file_ref idref="fl-e5"/>
      </object_component>
      <object_component id="oc-169">
         <name>.text:IntEnable</name>
         <load_address>0xaf98</load_address>
         <run_address>0xaf98</run_address>
         <size>0x68</size>
         <input_file_ref idref="fl-17"/>
      </object_component>
      <object_component id="oc-12">
         <name>.text:decompress:lzss</name>
         <load_address>0xb000</load_address>
         <run_address>0xb000</run_address>
         <size>0x68</size>
         <input_file_ref idref="fl-d2"/>
      </object_component>
      <object_component id="oc-2d4">
         <name>.text</name>
         <load_address>0xb068</load_address>
         <run_address>0xb068</run_address>
         <size>0x64</size>
         <input_file_ref idref="fl-f1"/>
      </object_component>
      <object_component id="oc-1a9">
         <name>.text:TimerConfigure</name>
         <load_address>0xb0cc</load_address>
         <run_address>0xb0cc</run_address>
         <size>0x60</size>
         <input_file_ref idref="fl-19"/>
      </object_component>
      <object_component id="oc-b6">
         <name>.text</name>
         <load_address>0xb12c</load_address>
         <run_address>0xb12c</run_address>
         <size>0x60</size>
         <input_file_ref idref="fl-da"/>
      </object_component>
      <object_component id="oc-157">
         <name>.text:GPIOIntTypeSet</name>
         <load_address>0xb18c</load_address>
         <run_address>0xb18c</run_address>
         <size>0x56</size>
         <input_file_ref idref="fl-16"/>
      </object_component>
      <object_component id="oc-24">
         <name>.text</name>
         <load_address>0xb1e4</load_address>
         <run_address>0xb1e4</run_address>
         <size>0x54</size>
         <input_file_ref idref="fl-d1"/>
      </object_component>
      <object_component id="oc-75">
         <name>.text</name>
         <load_address>0xb238</load_address>
         <run_address>0xb238</run_address>
         <size>0x54</size>
         <input_file_ref idref="fl-d5"/>
      </object_component>
      <object_component id="oc-2c4">
         <name>.text</name>
         <load_address>0xb28c</load_address>
         <run_address>0xb28c</run_address>
         <size>0x54</size>
         <input_file_ref idref="fl-ef"/>
      </object_component>
      <object_component id="oc-2e6">
         <name>.text</name>
         <load_address>0xb2e0</load_address>
         <run_address>0xb2e0</run_address>
         <size>0x4c</size>
         <input_file_ref idref="fl-e4"/>
      </object_component>
      <object_component id="oc-fb">
         <name>.text</name>
         <load_address>0xb32c</load_address>
         <run_address>0xb32c</run_address>
         <size>0x4c</size>
         <input_file_ref idref="fl-e6"/>
      </object_component>
      <object_component id="oc-17d">
         <name>.text:GPIOPinConfigure</name>
         <load_address>0xb378</load_address>
         <run_address>0xb378</run_address>
         <size>0x48</size>
         <input_file_ref idref="fl-16"/>
      </object_component>
      <object_component id="oc-324">
         <name>.text:_SysCtlFrequencyGet</name>
         <load_address>0xb3c0</load_address>
         <run_address>0xb3c0</run_address>
         <size>0x48</size>
         <input_file_ref idref="fl-18"/>
      </object_component>
      <object_component id="oc-2bf">
         <name>.text</name>
         <load_address>0xb408</load_address>
         <run_address>0xb408</run_address>
         <size>0x48</size>
         <input_file_ref idref="fl-ec"/>
      </object_component>
      <object_component id="oc-189">
         <name>.text:UARTConfigSetExpClk</name>
         <load_address>0xb450</load_address>
         <run_address>0xb450</run_address>
         <size>0x46</size>
         <input_file_ref idref="fl-1a"/>
      </object_component>
      <object_component id="oc-25c">
         <name>.text:_GPIOIntNumberGet</name>
         <load_address>0xb498</load_address>
         <run_address>0xb498</run_address>
         <size>0x44</size>
         <input_file_ref idref="fl-16"/>
      </object_component>
      <object_component id="oc-1da">
         <name>.text</name>
         <load_address>0xb4dc</load_address>
         <run_address>0xb4dc</run_address>
         <size>0x40</size>
         <input_file_ref idref="fl-e0"/>
      </object_component>
      <object_component id="oc-21e">
         <name>.text</name>
         <load_address>0xb51c</load_address>
         <run_address>0xb51c</run_address>
         <size>0x40</size>
         <input_file_ref idref="fl-f"/>
      </object_component>
      <object_component id="oc-1bf">
         <name>.text:SysCtlPeripheralPresent</name>
         <load_address>0xb55c</load_address>
         <run_address>0xb55c</run_address>
         <size>0x38</size>
         <input_file_ref idref="fl-18"/>
      </object_component>
      <object_component id="oc-151">
         <name>.text:SysCtlPeripheralReady</name>
         <load_address>0xb594</load_address>
         <run_address>0xb594</run_address>
         <size>0x38</size>
         <input_file_ref idref="fl-18"/>
      </object_component>
      <object_component id="oc-262">
         <name>.text:IntRegister</name>
         <load_address>0xb5cc</load_address>
         <run_address>0xb5cc</run_address>
         <size>0x34</size>
         <input_file_ref idref="fl-17"/>
      </object_component>
      <object_component id="oc-14b">
         <name>.text:SysCtlPeripheralEnable</name>
         <load_address>0xb600</load_address>
         <run_address>0xb600</run_address>
         <size>0x34</size>
         <input_file_ref idref="fl-18"/>
      </object_component>
      <object_component id="oc-86">
         <name>.text</name>
         <load_address>0xb634</load_address>
         <run_address>0xb634</run_address>
         <size>0x34</size>
         <input_file_ref idref="fl-df"/>
      </object_component>
      <object_component id="oc-2ca">
         <name>.text</name>
         <load_address>0xb668</load_address>
         <run_address>0xb668</run_address>
         <size>0x2e</size>
         <input_file_ref idref="fl-ee"/>
      </object_component>
      <object_component id="oc-24e">
         <name>.text:GPIODirModeSet</name>
         <load_address>0xb696</load_address>
         <run_address>0xb696</run_address>
         <size>0x2a</size>
         <input_file_ref idref="fl-16"/>
      </object_component>
      <object_component id="oc-27e">
         <name>.text:UARTDisable</name>
         <load_address>0xb6c0</load_address>
         <run_address>0xb6c0</run_address>
         <size>0x20</size>
         <input_file_ref idref="fl-1a"/>
      </object_component>
      <object_component id="oc-31e">
         <name>.text:_SysCtlMemTimingGet</name>
         <load_address>0xb6e0</load_address>
         <run_address>0xb6e0</run_address>
         <size>0x20</size>
         <input_file_ref idref="fl-18"/>
      </object_component>
      <object_component id="oc-128">
         <name>.text</name>
         <load_address>0xb700</load_address>
         <run_address>0xb700</run_address>
         <size>0x1e</size>
         <input_file_ref idref="fl-dc"/>
      </object_component>
      <object_component id="oc-2ec">
         <name>.text</name>
         <load_address>0xb71e</load_address>
         <run_address>0xb71e</run_address>
         <size>0x1c</size>
         <input_file_ref idref="fl-f0"/>
      </object_component>
      <object_component id="oc-15d">
         <name>.text:GPIOIntRegister</name>
         <load_address>0xb73a</load_address>
         <run_address>0xb73a</run_address>
         <size>0x18</size>
         <input_file_ref idref="fl-16"/>
      </object_component>
      <object_component id="oc-139">
         <name>.text:GPIOPinTypeGPIOOutput</name>
         <load_address>0xb752</load_address>
         <run_address>0xb752</run_address>
         <size>0x18</size>
         <input_file_ref idref="fl-16"/>
      </object_component>
      <object_component id="oc-98">
         <name>.text:TimerDisable</name>
         <load_address>0xb76c</load_address>
         <run_address>0xb76c</run_address>
         <size>0x18</size>
         <input_file_ref idref="fl-19"/>
      </object_component>
      <object_component id="oc-6f">
         <name>.text</name>
         <load_address>0xb784</load_address>
         <run_address>0xb784</run_address>
         <size>0x18</size>
         <input_file_ref idref="fl-e3"/>
      </object_component>
      <object_component id="oc-2e0">
         <name>.text</name>
         <load_address>0xb79c</load_address>
         <run_address>0xb79c</run_address>
         <size>0x16</size>
         <input_file_ref idref="fl-f4"/>
      </object_component>
      <object_component id="oc-1c5">
         <name>.text:UARTEnable</name>
         <load_address>0xb7b2</load_address>
         <run_address>0xb7b2</run_address>
         <size>0x14</size>
         <input_file_ref idref="fl-1a"/>
      </object_component>
      <object_component id="oc-22e">
         <name>.text</name>
         <load_address>0xb7c8</load_address>
         <run_address>0xb7c8</run_address>
         <size>0x14</size>
         <input_file_ref idref="fl-e1"/>
      </object_component>
      <object_component id="oc-369">
         <name>.text</name>
         <load_address>0xb7dc</load_address>
         <run_address>0xb7dc</run_address>
         <size>0x14</size>
         <input_file_ref idref="fl-f7"/>
      </object_component>
      <object_component id="oc-122">
         <name>.text</name>
         <load_address>0xb7f0</load_address>
         <run_address>0xb7f0</run_address>
         <size>0x14</size>
         <input_file_ref idref="fl-dd"/>
      </object_component>
      <object_component id="oc-bc">
         <name>.text</name>
         <load_address>0xb804</load_address>
         <run_address>0xb804</run_address>
         <size>0x14</size>
         <input_file_ref idref="fl-de"/>
      </object_component>
      <object_component id="oc-13f">
         <name>.text:GPIOPinTypeGPIOInput</name>
         <load_address>0xb818</load_address>
         <run_address>0xb818</run_address>
         <size>0x12</size>
         <input_file_ref idref="fl-16"/>
      </object_component>
      <object_component id="oc-183">
         <name>.text:GPIOPinTypeUART</name>
         <load_address>0xb82a</load_address>
         <run_address>0xb82a</run_address>
         <size>0x12</size>
         <input_file_ref idref="fl-16"/>
      </object_component>
      <object_component id="oc-8c">
         <name>.text:TimerLoadSet</name>
         <load_address>0xb83c</load_address>
         <run_address>0xb83c</run_address>
         <size>0x12</size>
         <input_file_ref idref="fl-19"/>
      </object_component>
      <object_component id="oc-16f">
         <name>.text:IntMasterEnable</name>
         <load_address>0xb84e</load_address>
         <run_address>0xb84e</run_address>
         <size>0x10</size>
         <input_file_ref idref="fl-17"/>
      </object_component>
      <object_component id="oc-92">
         <name>.text:TimerEnable</name>
         <load_address>0xb85e</load_address>
         <run_address>0xb85e</run_address>
         <size>0xe</size>
         <input_file_ref idref="fl-19"/>
      </object_component>
      <object_component id="oc-18">
         <name>.text:decompress:none</name>
         <load_address>0xb86c</load_address>
         <run_address>0xb86c</run_address>
         <size>0xe</size>
         <input_file_ref idref="fl-d3"/>
      </object_component>
      <object_component id="oc-26f">
         <name>.text:CPUcpsie</name>
         <load_address>0xb87a</load_address>
         <run_address>0xb87a</run_address>
         <size>0xc</size>
         <input_file_ref idref="fl-1b"/>
      </object_component>
      <object_component id="oc-163">
         <name>.text:GPIOIntEnable</name>
         <load_address>0xb886</load_address>
         <run_address>0xb886</run_address>
         <size>0xc</size>
         <input_file_ref idref="fl-16"/>
      </object_component>
      <object_component id="oc-1e">
         <name>.text:decompress:ZI</name>
         <load_address>0xb892</load_address>
         <run_address>0xb892</run_address>
         <size>0xc</size>
         <input_file_ref idref="fl-d4"/>
      </object_component>
      <object_component id="oc-2b">
         <name>.text</name>
         <load_address>0xb89e</load_address>
         <run_address>0xb89e</run_address>
         <size>0xc</size>
         <input_file_ref idref="fl-10"/>
      </object_component>
      <object_component id="oc-1b5">
         <name>.text:TimerValueGet</name>
         <load_address>0xb8aa</load_address>
         <run_address>0xb8aa</run_address>
         <size>0xa</size>
         <input_file_ref idref="fl-19"/>
      </object_component>
      <object_component id="oc-195">
         <name>.text:UARTCharGet</name>
         <load_address>0xb8b4</load_address>
         <run_address>0xb8b4</run_address>
         <size>0xa</size>
         <input_file_ref idref="fl-1a"/>
      </object_component>
      <object_component id="oc-1cb">
         <name>.text:UARTCharPut</name>
         <load_address>0xb8be</load_address>
         <run_address>0xb8be</run_address>
         <size>0xa</size>
         <input_file_ref idref="fl-1a"/>
      </object_component>
      <object_component id="oc-19b">
         <name>.text:UARTIntStatus</name>
         <load_address>0xb8c8</load_address>
         <run_address>0xb8c8</run_address>
         <size>0xa</size>
         <input_file_ref idref="fl-1a"/>
      </object_component>
      <object_component id="oc-1af">
         <name>.text:TimerIntEnable</name>
         <load_address>0xb8d2</load_address>
         <run_address>0xb8d2</run_address>
         <size>0x8</size>
         <input_file_ref idref="fl-19"/>
      </object_component>
      <object_component id="oc-18f">
         <name>.text:UARTIntEnable</name>
         <load_address>0xb8da</load_address>
         <run_address>0xb8da</run_address>
         <size>0x8</size>
         <input_file_ref idref="fl-1a"/>
      </object_component>
      <object_component id="oc-109">
         <name>.text</name>
         <load_address>0xb8e2</load_address>
         <run_address>0xb8e2</run_address>
         <size>0x8</size>
         <input_file_ref idref="fl-2"/>
      </object_component>
      <object_component id="oc-175">
         <name>.text:GPIOIntClear</name>
         <load_address>0xb8ea</load_address>
         <run_address>0xb8ea</run_address>
         <size>0x6</size>
         <input_file_ref idref="fl-16"/>
      </object_component>
      <object_component id="oc-240">
         <name>.text:SysCtlDelay</name>
         <load_address>0xb8f0</load_address>
         <run_address>0xb8f0</run_address>
         <size>0x6</size>
         <input_file_ref idref="fl-18"/>
      </object_component>
      <object_component id="oc-1a3">
         <name>.text:TimerIntClear</name>
         <load_address>0xb8f6</load_address>
         <run_address>0xb8f6</run_address>
         <size>0x4</size>
         <input_file_ref idref="fl-19"/>
      </object_component>
      <object_component id="oc-c8">
         <name>.text:UARTIntClear</name>
         <load_address>0xb8fa</load_address>
         <run_address>0xb8fa</run_address>
         <size>0x4</size>
         <input_file_ref idref="fl-1a"/>
      </object_component>
      <object_component id="oc-390">
         <name>.text</name>
         <load_address>0xb8fe</load_address>
         <run_address>0xb8fe</run_address>
         <size>0x4</size>
         <input_file_ref idref="fl-b"/>
      </object_component>
      <object_component id="oc-63">
         <name>.text</name>
         <load_address>0xb902</load_address>
         <run_address>0xb902</run_address>
         <size>0x4</size>
         <input_file_ref idref="fl-d9"/>
      </object_component>
      <object_component id="oc-32d">
         <name>.const:g_pppui32XTALtoVCO</name>
         <load_address>0xb908</load_address>
         <run_address>0xb908</run_address>
         <size>0x1b0</size>
         <input_file_ref idref="fl-18"/>
      </object_component>
      <object_component id="oc-376">
         <name>.const:.string:_ctypes_</name>
         <load_address>0xbab8</load_address>
         <run_address>0xbab8</run_address>
         <size>0x101</size>
         <input_file_ref idref="fl-e7"/>
      </object_component>
      <object_component id="oc-345">
         <name>.const:g_ppui32GPIOIntMapSnowflake</name>
         <load_address>0xbbbc</load_address>
         <run_address>0xbbbc</run_address>
         <size>0xd8</size>
         <input_file_ref idref="fl-16"/>
      </object_component>
      <object_component id="oc-342">
         <name>.const:g_ppui32GPIOIntMapBlizzard</name>
         <load_address>0xbc94</load_address>
         <run_address>0xbc94</run_address>
         <size>0xc0</size>
         <input_file_ref idref="fl-16"/>
      </object_component>
      <object_component id="oc-279">
         <name>.const:g_pui32GPIOBaseAddrs</name>
         <load_address>0xbd54</load_address>
         <run_address>0xbd54</run_address>
         <size>0x90</size>
         <input_file_ref idref="fl-16"/>
      </object_component>
      <object_component id="oc-26a">
         <name>.const</name>
         <load_address>0xbde4</load_address>
         <run_address>0xbde4</run_address>
         <size>0x70</size>
         <input_file_ref idref="fl-17"/>
      </object_component>
      <object_component id="oc-32a">
         <name>.const:g_pui32Xtals</name>
         <load_address>0xbe54</load_address>
         <run_address>0xbe54</run_address>
         <size>0x6c</size>
         <input_file_ref idref="fl-18"/>
      </object_component>
      <object_component id="oc-399">
         <name>.const:g_sXTALtoMEMTIM</name>
         <load_address>0xbec0</load_address>
         <run_address>0xbec0</run_address>
         <size>0x30</size>
         <input_file_ref idref="fl-18"/>
      </object_component>
      <object_component id="oc-2a0">
         <name>.const:.string</name>
         <load_address>0xbef0</load_address>
         <run_address>0xbef0</run_address>
         <size>0x12</size>
         <input_file_ref idref="fl-8"/>
      </object_component>
      <object_component id="oc-1d7">
         <name>.const:g_ui32UARTBase</name>
         <load_address>0xbf04</load_address>
         <run_address>0xbf04</run_address>
         <size>0xc</size>
         <input_file_ref idref="fl-8"/>
      </object_component>
      <object_component id="oc-1d1">
         <name>.const:g_ui32UARTPeriph</name>
         <load_address>0xbf10</load_address>
         <run_address>0xbf10</run_address>
         <size>0xc</size>
         <input_file_ref idref="fl-8"/>
      </object_component>
      <object_component id="oc-330">
         <name>.const</name>
         <load_address>0xbf1c</load_address>
         <run_address>0xbf1c</run_address>
         <size>0x8</size>
         <input_file_ref idref="fl-18"/>
      </object_component>
      <object_component id="oc-1df">
         <name>.const</name>
         <load_address>0xbf24</load_address>
         <run_address>0xbf24</run_address>
         <size>0x4</size>
         <input_file_ref idref="fl-8"/>
      </object_component>
      <object_component id="oc-3fe">
         <name>.cinit..data.load</name>
         <load_address>0xbf28</load_address>
         <run_address>0xbf28</run_address>
         <size>0x38</size>
      </object_component>
      <object_component id="oc-3fb">
         <name>__TI_handler_table</name>
         <load_address>0xbf60</load_address>
         <run_address>0xbf60</run_address>
         <size>0xc</size>
      </object_component>
      <object_component id="oc-3ff">
         <name>.cinit..bss.load</name>
         <load_address>0xbf70</load_address>
         <run_address>0xbf70</run_address>
         <size>0x8</size>
      </object_component>
      <object_component id="oc-3fd">
         <name>.cinit..vtable.load</name>
         <load_address>0xbf78</load_address>
         <run_address>0xbf78</run_address>
         <size>0x8</size>
      </object_component>
      <object_component id="oc-3fc">
         <name>__TI_cinit_table</name>
         <load_address>0xbf80</load_address>
         <run_address>0xbf80</run_address>
         <size>0x18</size>
      </object_component>
      <object_component id="oc-349">
         <name>.vtable</name>
         <uninitialized>true</uninitialized>
         <run_address>0x20000000</run_address>
         <size>0x26c</size>
         <input_file_ref idref="fl-17"/>
      </object_component>
      <object_component id="oc-d3">
         <name>.data</name>
         <load_address>0x200006d4</load_address>
         <run_address>0x200006d4</run_address>
         <size>0x4</size>
         <input_file_ref idref="fl-3"/>
      </object_component>
      <object_component id="oc-1bb">
         <name>.data</name>
         <load_address>0x200006ca</load_address>
         <run_address>0x200006ca</run_address>
         <size>0x2</size>
         <input_file_ref idref="fl-6"/>
      </object_component>
      <object_component id="oc-1d4">
         <name>.data</name>
         <load_address>0x200006cc</load_address>
         <run_address>0x200006cc</run_address>
         <size>0x5</size>
         <input_file_ref idref="fl-8"/>
      </object_component>
      <object_component id="oc-3c0">
         <name>.data</name>
         <load_address>0x200006c4</load_address>
         <run_address>0x200006c4</run_address>
         <size>0x6</size>
         <input_file_ref idref="fl-a"/>
      </object_component>
      <object_component id="oc-1f3">
         <name>.data</name>
         <load_address>0x200006d1</load_address>
         <run_address>0x200006d1</run_address>
         <size>0x2</size>
         <input_file_ref idref="fl-d"/>
      </object_component>
      <object_component id="oc-317">
         <name>.data:SystemModule</name>
         <load_address>0x20000690</load_address>
         <run_address>0x20000690</run_address>
         <size>0x20</size>
         <input_file_ref idref="fl-f"/>
      </object_component>
      <object_component id="oc-111">
         <name>.data:$O1$$</name>
         <load_address>0x200006b0</load_address>
         <run_address>0x200006b0</run_address>
         <size>0xc</size>
         <input_file_ref idref="fl-d5"/>
      </object_component>
      <object_component id="oc-7b">
         <name>.data</name>
         <load_address>0x200006dc</load_address>
         <run_address>0x200006dc</run_address>
         <size>0x4</size>
         <input_file_ref idref="fl-db"/>
      </object_component>
      <object_component id="oc-114">
         <name>.data:$O1$$</name>
         <load_address>0x200006bc</load_address>
         <run_address>0x200006bc</run_address>
         <size>0x8</size>
         <input_file_ref idref="fl-e1"/>
      </object_component>
      <object_component id="oc-36f">
         <name>.data</name>
         <load_address>0x200006d8</load_address>
         <run_address>0x200006d8</run_address>
         <size>0x4</size>
         <input_file_ref idref="fl-f6"/>
      </object_component>
      <object_component id="oc-3bd">
         <name>.bss:st_pui8PassBuff</name>
         <uninitialized>true</uninitialized>
         <run_address>0x2000047c</run_address>
         <size>0x8</size>
         <input_file_ref idref="fl-a"/>
      </object_component>
      <object_component id="oc-12e">
         <name>.bss</name>
         <uninitialized>true</uninitialized>
         <run_address>0x2000046c</run_address>
         <size>0x10</size>
         <input_file_ref idref="fl-c"/>
      </object_component>
      <object_component id="oc-1f4">
         <name>.bss</name>
         <uninitialized>true</uninitialized>
         <run_address>0x20000484</run_address>
         <size>0x4</size>
         <input_file_ref idref="fl-d"/>
      </object_component>
      <object_component id="oc-1f5">
         <name>.bss:data_buff$5</name>
         <uninitialized>true</uninitialized>
         <run_address>0x2000026c</run_address>
         <size>0x100</size>
         <input_file_ref idref="fl-d"/>
      </object_component>
      <object_component id="oc-ce">
         <name>.common:sRegState</name>
         <uninitialized>true</uninitialized>
         <run_address>0x20000488</run_address>
         <size>0x4</size>
      </object_component>
      <object_component id="oc-d1">
         <name>.common:buffCount</name>
         <uninitialized>true</uninitialized>
         <run_address>0x2000048c</run_address>
         <size>0x1</size>
      </object_component>
      <object_component id="oc-d2">
         <name>.common:wifiBuff</name>
         <uninitialized>true</uninitialized>
         <run_address>0x2000036c</run_address>
         <size>0x100</size>
      </object_component>
      <object_component id="oc-2a">
         <name>.stack</name>
         <uninitialized>true</uninitialized>
         <run_address>0x20000490</run_address>
         <size>0x0</size>
         <input_file_ref idref="fl-d1"/>
      </object_component>
      <object_component id="oc-400">
         <name>.stack</name>
         <uninitialized>true</uninitialized>
         <run_address>0x20000490</run_address>
         <size>0x0</size>
      </object_component>
      <object_component id="oc-2a5">
         <name>.debug_info</name>
         <load_address>0x0</load_address>
         <run_address>0x0</run_address>
         <size>0x2e9</size>
         <input_file_ref idref="fl-2"/>
      </object_component>
      <object_component id="oc-10a">
         <name>.debug_info</name>
         <load_address>0x2e9</load_address>
         <run_address>0x2e9</run_address>
         <size>0x136</size>
         <input_file_ref idref="fl-2"/>
      </object_component>
      <object_component id="oc-3cc">
         <name>.debug_info</name>
         <load_address>0x41f</load_address>
         <run_address>0x41f</run_address>
         <size>0x99</size>
         <input_file_ref idref="fl-2"/>
      </object_component>
      <object_component id="oc-3c4">
         <name>.debug_info</name>
         <load_address>0x4b8</load_address>
         <run_address>0x4b8</run_address>
         <size>0xcf</size>
         <input_file_ref idref="fl-2"/>
      </object_component>
      <object_component id="oc-1f7">
         <name>.debug_info</name>
         <load_address>0x587</load_address>
         <run_address>0x587</run_address>
         <size>0x87</size>
         <input_file_ref idref="fl-2"/>
      </object_component>
      <object_component id="oc-206">
         <name>.debug_info</name>
         <load_address>0x60e</load_address>
         <run_address>0x60e</run_address>
         <size>0xc8</size>
         <input_file_ref idref="fl-2"/>
      </object_component>
      <object_component id="oc-dc">
         <name>.debug_info</name>
         <load_address>0x6d6</load_address>
         <run_address>0x6d6</run_address>
         <size>0x8b</size>
         <input_file_ref idref="fl-2"/>
      </object_component>
      <object_component id="oc-d7">
         <name>.debug_info</name>
         <load_address>0x761</load_address>
         <run_address>0x761</run_address>
         <size>0x18b</size>
         <input_file_ref idref="fl-2"/>
      </object_component>
      <object_component id="oc-1e4">
         <name>.debug_info</name>
         <load_address>0x8ec</load_address>
         <run_address>0x8ec</run_address>
         <size>0x4e</size>
         <input_file_ref idref="fl-2"/>
      </object_component>
      <object_component id="oc-d4">
         <name>.debug_info</name>
         <load_address>0x93a</load_address>
         <run_address>0x93a</run_address>
         <size>0x156</size>
         <input_file_ref idref="fl-3"/>
      </object_component>
      <object_component id="oc-11d">
         <name>.debug_info</name>
         <load_address>0xa90</load_address>
         <run_address>0xa90</run_address>
         <size>0xb8c</size>
         <input_file_ref idref="fl-3"/>
      </object_component>
      <object_component id="oc-40">
         <name>.debug_info</name>
         <load_address>0x161c</load_address>
         <run_address>0x161c</run_address>
         <size>0x84</size>
         <input_file_ref idref="fl-3"/>
      </object_component>
      <object_component id="oc-17c">
         <name>.debug_info</name>
         <load_address>0x16a0</load_address>
         <run_address>0x16a0</run_address>
         <size>0x53a</size>
         <input_file_ref idref="fl-4"/>
      </object_component>
      <object_component id="oc-9f">
         <name>.debug_info</name>
         <load_address>0x1bda</load_address>
         <run_address>0x1bda</run_address>
         <size>0x1666</size>
         <input_file_ref idref="fl-4"/>
      </object_component>
      <object_component id="oc-1bc">
         <name>.debug_info</name>
         <load_address>0x3240</load_address>
         <run_address>0x3240</run_address>
         <size>0x193</size>
         <input_file_ref idref="fl-6"/>
      </object_component>
      <object_component id="oc-ab">
         <name>.debug_info</name>
         <load_address>0x33d3</load_address>
         <run_address>0x33d3</run_address>
         <size>0x10b6</size>
         <input_file_ref idref="fl-6"/>
      </object_component>
      <object_component id="oc-1a2">
         <name>.debug_info</name>
         <load_address>0x4489</load_address>
         <run_address>0x4489</run_address>
         <size>0x5ee</size>
         <input_file_ref idref="fl-7"/>
      </object_component>
      <object_component id="oc-a5">
         <name>.debug_info</name>
         <load_address>0x4a77</load_address>
         <run_address>0x4a77</run_address>
         <size>0x15a8</size>
         <input_file_ref idref="fl-7"/>
      </object_component>
      <object_component id="oc-1e3">
         <name>.debug_info</name>
         <load_address>0x601f</load_address>
         <run_address>0x601f</run_address>
         <size>0x42c</size>
         <input_file_ref idref="fl-8"/>
      </object_component>
      <object_component id="oc-1d5">
         <name>.debug_info</name>
         <load_address>0x644b</load_address>
         <run_address>0x644b</run_address>
         <size>0x12f</size>
         <input_file_ref idref="fl-8"/>
      </object_component>
      <object_component id="oc-1e0">
         <name>.debug_info</name>
         <load_address>0x657a</load_address>
         <run_address>0x657a</run_address>
         <size>0x129</size>
         <input_file_ref idref="fl-8"/>
      </object_component>
      <object_component id="oc-1d8">
         <name>.debug_info</name>
         <load_address>0x66a3</load_address>
         <run_address>0x66a3</run_address>
         <size>0x137</size>
         <input_file_ref idref="fl-8"/>
      </object_component>
      <object_component id="oc-1d2">
         <name>.debug_info</name>
         <load_address>0x67da</load_address>
         <run_address>0x67da</run_address>
         <size>0x13b</size>
         <input_file_ref idref="fl-8"/>
      </object_component>
      <object_component id="oc-b1">
         <name>.debug_info</name>
         <load_address>0x6915</load_address>
         <run_address>0x6915</run_address>
         <size>0x94c</size>
         <input_file_ref idref="fl-8"/>
      </object_component>
      <object_component id="oc-385">
         <name>.debug_info</name>
         <load_address>0x7261</load_address>
         <run_address>0x7261</run_address>
         <size>0x2c3</size>
         <input_file_ref idref="fl-9"/>
      </object_component>
      <object_component id="oc-3d7">
         <name>.debug_info</name>
         <load_address>0x7524</load_address>
         <run_address>0x7524</run_address>
         <size>0x456</size>
         <input_file_ref idref="fl-a"/>
      </object_component>
      <object_component id="oc-3c1">
         <name>.debug_info</name>
         <load_address>0x797a</load_address>
         <run_address>0x797a</run_address>
         <size>0x17c</size>
         <input_file_ref idref="fl-a"/>
      </object_component>
      <object_component id="oc-3be">
         <name>.debug_info</name>
         <load_address>0x7af6</load_address>
         <run_address>0x7af6</run_address>
         <size>0x126</size>
         <input_file_ref idref="fl-a"/>
      </object_component>
      <object_component id="oc-38b">
         <name>.debug_info</name>
         <load_address>0x7c1c</load_address>
         <run_address>0x7c1c</run_address>
         <size>0x9e0</size>
         <input_file_ref idref="fl-a"/>
      </object_component>
      <object_component id="oc-391">
         <name>.debug_info</name>
         <load_address>0x85fc</load_address>
         <run_address>0x85fc</run_address>
         <size>0x157</size>
         <input_file_ref idref="fl-b"/>
      </object_component>
      <object_component id="oc-132">
         <name>.debug_info</name>
         <load_address>0x8753</load_address>
         <run_address>0x8753</run_address>
         <size>0x419</size>
         <input_file_ref idref="fl-c"/>
      </object_component>
      <object_component id="oc-12f">
         <name>.debug_info</name>
         <load_address>0x8b6c</load_address>
         <run_address>0x8b6c</run_address>
         <size>0x181</size>
         <input_file_ref idref="fl-c"/>
      </object_component>
      <object_component id="oc-81">
         <name>.debug_info</name>
         <load_address>0x8ced</load_address>
         <run_address>0x8ced</run_address>
         <size>0xb64</size>
         <input_file_ref idref="fl-c"/>
      </object_component>
      <object_component id="oc-f2">
         <name>.debug_info</name>
         <load_address>0x9851</load_address>
         <run_address>0x9851</run_address>
         <size>0x2c</size>
         <input_file_ref idref="fl-c"/>
      </object_component>
      <object_component id="oc-1fc">
         <name>.debug_info</name>
         <load_address>0x987d</load_address>
         <run_address>0x987d</run_address>
         <size>0x2b6</size>
         <input_file_ref idref="fl-d"/>
      </object_component>
      <object_component id="oc-c3">
         <name>.debug_info</name>
         <load_address>0x9b33</load_address>
         <run_address>0x9b33</run_address>
         <size>0x40e</size>
         <input_file_ref idref="fl-d"/>
      </object_component>
      <object_component id="oc-cf">
         <name>.debug_info</name>
         <load_address>0x9f41</load_address>
         <run_address>0x9f41</run_address>
         <size>0x7f5</size>
         <input_file_ref idref="fl-e"/>
      </object_component>
      <object_component id="oc-32">
         <name>.debug_info</name>
         <load_address>0xa736</load_address>
         <run_address>0xa736</run_address>
         <size>0xacc</size>
         <input_file_ref idref="fl-e"/>
      </object_component>
      <object_component id="oc-201">
         <name>.debug_info</name>
         <load_address>0xb202</load_address>
         <run_address>0xb202</run_address>
         <size>0x78</size>
         <input_file_ref idref="fl-e"/>
      </object_component>
      <object_component id="oc-398">
         <name>.debug_info</name>
         <load_address>0xb27a</load_address>
         <run_address>0xb27a</run_address>
         <size>0x34e</size>
         <input_file_ref idref="fl-f"/>
      </object_component>
      <object_component id="oc-318">
         <name>.debug_info</name>
         <load_address>0xb5c8</load_address>
         <run_address>0xb5c8</run_address>
         <size>0x119</size>
         <input_file_ref idref="fl-f"/>
      </object_component>
      <object_component id="oc-21f">
         <name>.debug_info</name>
         <load_address>0xb6e1</load_address>
         <run_address>0xb6e1</run_address>
         <size>0x17a</size>
         <input_file_ref idref="fl-f"/>
      </object_component>
      <object_component id="oc-39">
         <name>.debug_info</name>
         <load_address>0xb85b</load_address>
         <run_address>0xb85b</run_address>
         <size>0x333</size>
         <input_file_ref idref="fl-10"/>
      </object_component>
      <object_component id="oc-10">
         <name>.debug_info</name>
         <load_address>0xbb8e</load_address>
         <run_address>0xbb8e</run_address>
         <size>0x12c</size>
         <input_file_ref idref="fl-10"/>
      </object_component>
      <object_component id="oc-2c">
         <name>.debug_info</name>
         <load_address>0xbcba</load_address>
         <run_address>0xbcba</run_address>
         <size>0x2e3</size>
         <input_file_ref idref="fl-10"/>
      </object_component>
      <object_component id="oc-255">
         <name>.debug_info</name>
         <load_address>0xbf9d</load_address>
         <run_address>0xbf9d</run_address>
         <size>0x240</size>
         <input_file_ref idref="fl-16"/>
      </object_component>
      <object_component id="oc-343">
         <name>.debug_info</name>
         <load_address>0xc1dd</load_address>
         <run_address>0xc1dd</run_address>
         <size>0x167</size>
         <input_file_ref idref="fl-16"/>
      </object_component>
      <object_component id="oc-346">
         <name>.debug_info</name>
         <load_address>0xc344</load_address>
         <run_address>0xc344</run_address>
         <size>0x169</size>
         <input_file_ref idref="fl-16"/>
      </object_component>
      <object_component id="oc-27a">
         <name>.debug_info</name>
         <load_address>0xc4ad</load_address>
         <run_address>0xc4ad</run_address>
         <size>0x15b</size>
         <input_file_ref idref="fl-16"/>
      </object_component>
      <object_component id="oc-24f">
         <name>.debug_info</name>
         <load_address>0xc608</load_address>
         <run_address>0xc608</run_address>
         <size>0x2b3</size>
         <input_file_ref idref="fl-16"/>
      </object_component>
      <object_component id="oc-146">
         <name>.debug_info</name>
         <load_address>0xc8bb</load_address>
         <run_address>0xc8bb</run_address>
         <size>0x316</size>
         <input_file_ref idref="fl-16"/>
      </object_component>
      <object_component id="oc-184">
         <name>.debug_info</name>
         <load_address>0xcbd1</load_address>
         <run_address>0xcbd1</run_address>
         <size>0x27b</size>
         <input_file_ref idref="fl-16"/>
      </object_component>
      <object_component id="oc-13a">
         <name>.debug_info</name>
         <load_address>0xce4c</load_address>
         <run_address>0xce4c</run_address>
         <size>0x2b7</size>
         <input_file_ref idref="fl-16"/>
      </object_component>
      <object_component id="oc-140">
         <name>.debug_info</name>
         <load_address>0xd103</load_address>
         <run_address>0xd103</run_address>
         <size>0x285</size>
         <input_file_ref idref="fl-16"/>
      </object_component>
      <object_component id="oc-17e">
         <name>.debug_info</name>
         <load_address>0xd388</load_address>
         <run_address>0xd388</run_address>
         <size>0x280</size>
         <input_file_ref idref="fl-16"/>
      </object_component>
      <object_component id="oc-25d">
         <name>.debug_info</name>
         <load_address>0xd608</load_address>
         <run_address>0xd608</run_address>
         <size>0x298</size>
         <input_file_ref idref="fl-16"/>
      </object_component>
      <object_component id="oc-158">
         <name>.debug_info</name>
         <load_address>0xd8a0</load_address>
         <run_address>0xd8a0</run_address>
         <size>0x2bb</size>
         <input_file_ref idref="fl-16"/>
      </object_component>
      <object_component id="oc-15e">
         <name>.debug_info</name>
         <load_address>0xdb5b</load_address>
         <run_address>0xdb5b</run_address>
         <size>0x2cf</size>
         <input_file_ref idref="fl-16"/>
      </object_component>
      <object_component id="oc-164">
         <name>.debug_info</name>
         <load_address>0xde2a</load_address>
         <run_address>0xde2a</run_address>
         <size>0x28f</size>
         <input_file_ref idref="fl-16"/>
      </object_component>
      <object_component id="oc-176">
         <name>.debug_info</name>
         <load_address>0xe0b9</load_address>
         <run_address>0xe0b9</run_address>
         <size>0x28d</size>
         <input_file_ref idref="fl-16"/>
      </object_component>
      <object_component id="oc-26e">
         <name>.debug_info</name>
         <load_address>0xe346</load_address>
         <run_address>0xe346</run_address>
         <size>0x20e</size>
         <input_file_ref idref="fl-17"/>
      </object_component>
      <object_component id="oc-26b">
         <name>.debug_info</name>
         <load_address>0xe554</load_address>
         <run_address>0xe554</run_address>
         <size>0x210</size>
         <input_file_ref idref="fl-17"/>
      </object_component>
      <object_component id="oc-34a">
         <name>.debug_info</name>
         <load_address>0xe764</load_address>
         <run_address>0xe764</run_address>
         <size>0x157</size>
         <input_file_ref idref="fl-17"/>
      </object_component>
      <object_component id="oc-264">
         <name>.debug_info</name>
         <load_address>0xe8bb</load_address>
         <run_address>0xe8bb</run_address>
         <size>0x2c1</size>
         <input_file_ref idref="fl-17"/>
      </object_component>
      <object_component id="oc-171">
         <name>.debug_info</name>
         <load_address>0xeb7c</load_address>
         <run_address>0xeb7c</run_address>
         <size>0x23e</size>
         <input_file_ref idref="fl-17"/>
      </object_component>
      <object_component id="oc-16a">
         <name>.debug_info</name>
         <load_address>0xedba</load_address>
         <run_address>0xedba</run_address>
         <size>0x268</size>
         <input_file_ref idref="fl-17"/>
      </object_component>
      <object_component id="oc-259">
         <name>.debug_info</name>
         <load_address>0xf022</load_address>
         <run_address>0xf022</run_address>
         <size>0x298</size>
         <input_file_ref idref="fl-18"/>
      </object_component>
      <object_component id="oc-32b">
         <name>.debug_info</name>
         <load_address>0xf2ba</load_address>
         <run_address>0xf2ba</run_address>
         <size>0x14d</size>
         <input_file_ref idref="fl-18"/>
      </object_component>
      <object_component id="oc-32e">
         <name>.debug_info</name>
         <load_address>0xf407</load_address>
         <run_address>0xf407</run_address>
         <size>0x159</size>
         <input_file_ref idref="fl-18"/>
      </object_component>
      <object_component id="oc-39a">
         <name>.debug_info</name>
         <load_address>0xf560</load_address>
         <run_address>0xf560</run_address>
         <size>0x153</size>
         <input_file_ref idref="fl-18"/>
      </object_component>
      <object_component id="oc-331">
         <name>.debug_info</name>
         <load_address>0xf6b3</load_address>
         <run_address>0xf6b3</run_address>
         <size>0x160</size>
         <input_file_ref idref="fl-18"/>
      </object_component>
      <object_component id="oc-152">
         <name>.debug_info</name>
         <load_address>0xf813</load_address>
         <run_address>0xf813</run_address>
         <size>0x27f</size>
         <input_file_ref idref="fl-18"/>
      </object_component>
      <object_component id="oc-1c0">
         <name>.debug_info</name>
         <load_address>0xfa92</load_address>
         <run_address>0xfa92</run_address>
         <size>0x283</size>
         <input_file_ref idref="fl-18"/>
      </object_component>
      <object_component id="oc-14c">
         <name>.debug_info</name>
         <load_address>0xfd15</load_address>
         <run_address>0xfd15</run_address>
         <size>0x27d</size>
         <input_file_ref idref="fl-18"/>
      </object_component>
      <object_component id="oc-31f">
         <name>.debug_info</name>
         <load_address>0xff92</load_address>
         <run_address>0xff92</run_address>
         <size>0x270</size>
         <input_file_ref idref="fl-18"/>
      </object_component>
      <object_component id="oc-325">
         <name>.debug_info</name>
         <load_address>0x10202</load_address>
         <run_address>0x10202</run_address>
         <size>0x2ba</size>
         <input_file_ref idref="fl-18"/>
      </object_component>
      <object_component id="oc-23b">
         <name>.debug_info</name>
         <load_address>0x104bc</load_address>
         <run_address>0x104bc</run_address>
         <size>0x49a</size>
         <input_file_ref idref="fl-18"/>
      </object_component>
      <object_component id="oc-33d">
         <name>.debug_info</name>
         <load_address>0x10956</load_address>
         <run_address>0x10956</run_address>
         <size>0x5f</size>
         <input_file_ref idref="fl-18"/>
      </object_component>
      <object_component id="oc-136">
         <name>.debug_info</name>
         <load_address>0x109b5</load_address>
         <run_address>0x109b5</run_address>
         <size>0x223</size>
         <input_file_ref idref="fl-19"/>
      </object_component>
      <object_component id="oc-1b6">
         <name>.debug_info</name>
         <load_address>0x10bd8</load_address>
         <run_address>0x10bd8</run_address>
         <size>0x28a</size>
         <input_file_ref idref="fl-19"/>
      </object_component>
      <object_component id="oc-8d">
         <name>.debug_info</name>
         <load_address>0x10e62</load_address>
         <run_address>0x10e62</run_address>
         <size>0x2ba</size>
         <input_file_ref idref="fl-19"/>
      </object_component>
      <object_component id="oc-1b0">
         <name>.debug_info</name>
         <load_address>0x1111c</load_address>
         <run_address>0x1111c</run_address>
         <size>0x294</size>
         <input_file_ref idref="fl-19"/>
      </object_component>
      <object_component id="oc-1a4">
         <name>.debug_info</name>
         <load_address>0x113b0</load_address>
         <run_address>0x113b0</run_address>
         <size>0x292</size>
         <input_file_ref idref="fl-19"/>
      </object_component>
      <object_component id="oc-93">
         <name>.debug_info</name>
         <load_address>0x11642</load_address>
         <run_address>0x11642</run_address>
         <size>0x27f</size>
         <input_file_ref idref="fl-19"/>
      </object_component>
      <object_component id="oc-99">
         <name>.debug_info</name>
         <load_address>0x118c1</load_address>
         <run_address>0x118c1</run_address>
         <size>0x281</size>
         <input_file_ref idref="fl-19"/>
      </object_component>
      <object_component id="oc-1aa">
         <name>.debug_info</name>
         <load_address>0x11b42</load_address>
         <run_address>0x11b42</run_address>
         <size>0x28c</size>
         <input_file_ref idref="fl-19"/>
      </object_component>
      <object_component id="oc-1fe">
         <name>.debug_info</name>
         <load_address>0x11dce</load_address>
         <run_address>0x11dce</run_address>
         <size>0x227</size>
         <input_file_ref idref="fl-1a"/>
      </object_component>
      <object_component id="oc-19c">
         <name>.debug_info</name>
         <load_address>0x11ff5</load_address>
         <run_address>0x11ff5</run_address>
         <size>0x27f</size>
         <input_file_ref idref="fl-1a"/>
      </object_component>
      <object_component id="oc-190">
         <name>.debug_info</name>
         <load_address>0x12274</load_address>
         <run_address>0x12274</run_address>
         <size>0x28f</size>
         <input_file_ref idref="fl-1a"/>
      </object_component>
      <object_component id="oc-c9">
         <name>.debug_info</name>
         <load_address>0x12503</load_address>
         <run_address>0x12503</run_address>
         <size>0x28d</size>
         <input_file_ref idref="fl-1a"/>
      </object_component>
      <object_component id="oc-1c6">
         <name>.debug_info</name>
         <load_address>0x12790</load_address>
         <run_address>0x12790</run_address>
         <size>0x247</size>
         <input_file_ref idref="fl-1a"/>
      </object_component>
      <object_component id="oc-27f">
         <name>.debug_info</name>
         <load_address>0x129d7</load_address>
         <run_address>0x129d7</run_address>
         <size>0x249</size>
         <input_file_ref idref="fl-1a"/>
      </object_component>
      <object_component id="oc-18a">
         <name>.debug_info</name>
         <load_address>0x12c20</load_address>
         <run_address>0x12c20</run_address>
         <size>0x326</size>
         <input_file_ref idref="fl-1a"/>
      </object_component>
      <object_component id="oc-1cc">
         <name>.debug_info</name>
         <load_address>0x12f46</load_address>
         <run_address>0x12f46</run_address>
         <size>0x273</size>
         <input_file_ref idref="fl-1a"/>
      </object_component>
      <object_component id="oc-196">
         <name>.debug_info</name>
         <load_address>0x131b9</load_address>
         <run_address>0x131b9</run_address>
         <size>0x24d</size>
         <input_file_ref idref="fl-1a"/>
      </object_component>
      <object_component id="oc-270">
         <name>.debug_info</name>
         <load_address>0x13406</load_address>
         <run_address>0x13406</run_address>
         <size>0x212</size>
         <input_file_ref idref="fl-1b"/>
      </object_component>
      <object_component id="oc-26">
         <name>.debug_info</name>
         <load_address>0x13618</load_address>
         <run_address>0x13618</run_address>
         <size>0x160</size>
         <input_file_ref idref="fl-d1"/>
      </object_component>
      <object_component id="oc-e8">
         <name>.debug_info</name>
         <load_address>0x13778</load_address>
         <run_address>0x13778</run_address>
         <size>0x293</size>
         <input_file_ref idref="fl-d2"/>
      </object_component>
      <object_component id="oc-13">
         <name>.debug_info</name>
         <load_address>0x13a0b</load_address>
         <run_address>0x13a0b</run_address>
         <size>0x245</size>
         <input_file_ref idref="fl-d2"/>
      </object_component>
      <object_component id="oc-3b">
         <name>.debug_info</name>
         <load_address>0x13c50</load_address>
         <run_address>0x13c50</run_address>
         <size>0x60</size>
         <input_file_ref idref="fl-d2"/>
      </object_component>
      <object_component id="oc-e3">
         <name>.debug_info</name>
         <load_address>0x13cb0</load_address>
         <run_address>0x13cb0</run_address>
         <size>0x46</size>
         <input_file_ref idref="fl-d2"/>
      </object_component>
      <object_component id="oc-50">
         <name>.debug_info</name>
         <load_address>0x13cf6</load_address>
         <run_address>0x13cf6</run_address>
         <size>0x2da</size>
         <input_file_ref idref="fl-d3"/>
      </object_component>
      <object_component id="oc-19">
         <name>.debug_info</name>
         <load_address>0x13fd0</load_address>
         <run_address>0x13fd0</run_address>
         <size>0x1df</size>
         <input_file_ref idref="fl-d3"/>
      </object_component>
      <object_component id="oc-4b">
         <name>.debug_info</name>
         <load_address>0x141af</load_address>
         <run_address>0x141af</run_address>
         <size>0x46</size>
         <input_file_ref idref="fl-d3"/>
      </object_component>
      <object_component id="oc-ea">
         <name>.debug_info</name>
         <load_address>0x141f5</load_address>
         <run_address>0x141f5</run_address>
         <size>0x2c</size>
         <input_file_ref idref="fl-d3"/>
      </object_component>
      <object_component id="oc-5c">
         <name>.debug_info</name>
         <load_address>0x14221</load_address>
         <run_address>0x14221</run_address>
         <size>0x2c9</size>
         <input_file_ref idref="fl-d4"/>
      </object_component>
      <object_component id="oc-1f">
         <name>.debug_info</name>
         <load_address>0x144ea</load_address>
         <run_address>0x144ea</run_address>
         <size>0x1aa</size>
         <input_file_ref idref="fl-d4"/>
      </object_component>
      <object_component id="oc-57">
         <name>.debug_info</name>
         <load_address>0x14694</load_address>
         <run_address>0x14694</run_address>
         <size>0x46</size>
         <input_file_ref idref="fl-d4"/>
      </object_component>
      <object_component id="oc-118">
         <name>.debug_info</name>
         <load_address>0x146da</load_address>
         <run_address>0x146da</run_address>
         <size>0x3ce</size>
         <input_file_ref idref="fl-d5"/>
      </object_component>
      <object_component id="oc-112">
         <name>.debug_info</name>
         <load_address>0x14aa8</load_address>
         <run_address>0x14aa8</run_address>
         <size>0x185</size>
         <input_file_ref idref="fl-d5"/>
      </object_component>
      <object_component id="oc-76">
         <name>.debug_info</name>
         <load_address>0x14c2d</load_address>
         <run_address>0x14c2d</run_address>
         <size>0x214</size>
         <input_file_ref idref="fl-d5"/>
      </object_component>
      <object_component id="oc-46">
         <name>.debug_info</name>
         <load_address>0x14e41</load_address>
         <run_address>0x14e41</run_address>
         <size>0x111</size>
         <input_file_ref idref="fl-d6"/>
      </object_component>
      <object_component id="oc-52">
         <name>.debug_info</name>
         <load_address>0x14f52</load_address>
         <run_address>0x14f52</run_address>
         <size>0x13f</size>
         <input_file_ref idref="fl-d7"/>
      </object_component>
      <object_component id="oc-5e">
         <name>.debug_info</name>
         <load_address>0x15091</load_address>
         <run_address>0x15091</run_address>
         <size>0x138</size>
         <input_file_ref idref="fl-d8"/>
      </object_component>
      <object_component id="oc-64">
         <name>.debug_info</name>
         <load_address>0x151c9</load_address>
         <run_address>0x151c9</run_address>
         <size>0x148</size>
         <input_file_ref idref="fl-d9"/>
      </object_component>
      <object_component id="oc-1f0">
         <name>.debug_info</name>
         <load_address>0x15311</load_address>
         <run_address>0x15311</run_address>
         <size>0x355</size>
         <input_file_ref idref="fl-da"/>
      </object_component>
      <object_component id="oc-b7">
         <name>.debug_info</name>
         <load_address>0x15666</load_address>
         <run_address>0x15666</run_address>
         <size>0x2e4</size>
         <input_file_ref idref="fl-da"/>
      </object_component>
      <object_component id="oc-2fe">
         <name>.debug_info</name>
         <load_address>0x1594a</load_address>
         <run_address>0x1594a</run_address>
         <size>0x2c</size>
         <input_file_ref idref="fl-da"/>
      </object_component>
      <object_component id="oc-7c">
         <name>.debug_info</name>
         <load_address>0x15976</load_address>
         <run_address>0x15976</run_address>
         <size>0x109</size>
         <input_file_ref idref="fl-db"/>
      </object_component>
      <object_component id="oc-245">
         <name>.debug_info</name>
         <load_address>0x15a7f</load_address>
         <run_address>0x15a7f</run_address>
         <size>0x28a</size>
         <input_file_ref idref="fl-dc"/>
      </object_component>
      <object_component id="oc-129">
         <name>.debug_info</name>
         <load_address>0x15d09</load_address>
         <run_address>0x15d09</run_address>
         <size>0x249</size>
         <input_file_ref idref="fl-dc"/>
      </object_component>
      <object_component id="oc-243">
         <name>.debug_info</name>
         <load_address>0x15f52</load_address>
         <run_address>0x15f52</run_address>
         <size>0x28a</size>
         <input_file_ref idref="fl-dd"/>
      </object_component>
      <object_component id="oc-123">
         <name>.debug_info</name>
         <load_address>0x161dc</load_address>
         <run_address>0x161dc</run_address>
         <size>0x231</size>
         <input_file_ref idref="fl-dd"/>
      </object_component>
      <object_component id="oc-1f2">
         <name>.debug_info</name>
         <load_address>0x1640d</load_address>
         <run_address>0x1640d</run_address>
         <size>0x284</size>
         <input_file_ref idref="fl-de"/>
      </object_component>
      <object_component id="oc-bd">
         <name>.debug_info</name>
         <load_address>0x16691</load_address>
         <run_address>0x16691</run_address>
         <size>0x22a</size>
         <input_file_ref idref="fl-de"/>
      </object_component>
      <object_component id="oc-134">
         <name>.debug_info</name>
         <load_address>0x168bb</load_address>
         <run_address>0x168bb</run_address>
         <size>0x28a</size>
         <input_file_ref idref="fl-df"/>
      </object_component>
      <object_component id="oc-87">
         <name>.debug_info</name>
         <load_address>0x16b45</load_address>
         <run_address>0x16b45</run_address>
         <size>0x1c6</size>
         <input_file_ref idref="fl-df"/>
      </object_component>
      <object_component id="oc-1db">
         <name>.debug_info</name>
         <load_address>0x16d0b</load_address>
         <run_address>0x16d0b</run_address>
         <size>0x13a</size>
         <input_file_ref idref="fl-e0"/>
      </object_component>
      <object_component id="oc-236">
         <name>.debug_info</name>
         <load_address>0x16e45</load_address>
         <run_address>0x16e45</run_address>
         <size>0x2be</size>
         <input_file_ref idref="fl-e1"/>
      </object_component>
      <object_component id="oc-115">
         <name>.debug_info</name>
         <load_address>0x17103</load_address>
         <run_address>0x17103</run_address>
         <size>0x113</size>
         <input_file_ref idref="fl-e1"/>
      </object_component>
      <object_component id="oc-22f">
         <name>.debug_info</name>
         <load_address>0x17216</load_address>
         <run_address>0x17216</run_address>
         <size>0x21f</size>
         <input_file_ref idref="fl-e1"/>
      </object_component>
      <object_component id="oc-2f3">
[...]
         <value>0x9afd</value>
         <object_component_ref idref="oc-80"/>
      </symbol>
      <symbol id="sm-337">
         <name>espCheckFirmware</name>
         <value>0x9b83</value>
         <object_component_ref idref="oc-80"/>
      </symbol>
      <symbol id="sm-338">
         <name>espResetHardware</name>
         <value>0x9b47</value>
         <object_component_ref idref="oc-80"/>
      </symbol>
      <symbol id="sm-339">
         <name>espResetSofware</name>
         <value>0x9b73</value>
         <object_component_ref idref="oc-80"/>
      </symbol>
      <symbol id="sm-33a">
         <name>espConnectWifi</name>
         <value>0x9b93</value>
         <object_component_ref idref="oc-80"/>
      </symbol>
      <symbol id="sm-33b">
         <name>espChecStatus</name>
         <value>0x9ce1</value>
         <object_component_ref idref="oc-80"/>
      </symbol>
      <symbol id="sm-33c">
         <name>espDisconnectTCP</name>
         <value>0x9cd1</value>
         <object_component_ref idref="oc-80"/>
      </symbol>
      <symbol id="sm-33d">
         <name>espMultiConnection</name>
         <value>0x9c47</value>
         <object_component_ref idref="oc-80"/>
      </symbol>
      <symbol id="sm-33e">
         <name>espConnectTCP</name>
         <value>0x9c67</value>
         <object_component_ref idref="oc-80"/>
      </symbol>
      <symbol id="sm-33f">
         <name>espCheckModule</name>
         <value>0x9b37</value>
         <object_component_ref idref="oc-80"/>
      </symbol>
      <symbol id="sm-377">
         <name>frameEncode</name>
         <value>0xa1bb</value>
         <object_component_ref idref="oc-c2"/>
      </symbol>
      <symbol id="sm-378">
         <name>frameDecode</name>
         <value>0xa069</value>
         <object_component_ref idref="oc-c2"/>
      </symbol>
      <symbol id="sm-3c2">
         <name>sRegState</name>
         <value>0x20000488</value>
      </symbol>
      <symbol id="sm-3c3">
         <name>buffCount</name>
         <value>0x2000048c</value>
      </symbol>
      <symbol id="sm-3c4">
         <name>wifiBuff</name>
         <value>0x2000036c</value>
      </symbol>
      <symbol id="sm-3c5">
         <name>wifiSendData</name>
         <value>0x9953</value>
         <object_component_ref idref="oc-31"/>
      </symbol>
      <symbol id="sm-3c6">
         <name>UART3_Handler</name>
         <value>0x9a1d</value>
         <object_component_ref idref="oc-31"/>
      </symbol>
      <symbol id="sm-3c7">
         <name>wifiSetup</name>
         <value>0x98fd</value>
         <object_component_ref idref="oc-31"/>
      </symbol>
      <symbol id="sm-3c8">
         <name>wifiRecData</name>
         <value>0x99b5</value>
         <object_component_ref idref="oc-31"/>
      </symbol>
      <symbol id="sm-3c9">
         <name>TIMER0A_Handler</name>
         <value>0x9a89</value>
         <object_component_ref idref="oc-31"/>
      </symbol>
      <symbol id="sm-3e2">
         <name>SystemModule</name>
         <value>0x20000690</value>
         <object_component_ref idref="oc-317"/>
      </symbol>
      <symbol id="sm-3e3">
         <name>systemSetup</name>
         <value>0xb51d</value>
         <object_component_ref idref="oc-21e"/>
      </symbol>
      <symbol id="sm-3ff">
         <name>ResetISR</name>
         <value>0xb89f</value>
         <object_component_ref idref="oc-2b"/>
      </symbol>
      <symbol id="sm-400">
         <name>g_pfnVectors</name>
         <value>0x0</value>
         <object_component_ref idref="oc-f"/>
      </symbol>
      <symbol id="sm-481">
         <name>GPIOIntRegister</name>
         <value>0xb73b</value>
         <object_component_ref idref="oc-15d"/>
      </symbol>
      <symbol id="sm-482">
         <name>GPIOPinConfigure</name>
         <value>0xb379</value>
         <object_component_ref idref="oc-17d"/>
      </symbol>
      <symbol id="sm-483">
         <name>GPIOIntEnable</name>
         <value>0xb887</value>
         <object_component_ref idref="oc-163"/>
      </symbol>
      <symbol id="sm-484">
         <name>GPIOIntTypeSet</name>
         <value>0xb18d</value>
         <object_component_ref idref="oc-157"/>
      </symbol>
      <symbol id="sm-485">
         <name>GPIOPinTypeGPIOInput</name>
         <value>0xb819</value>
         <object_component_ref idref="oc-13f"/>
      </symbol>
      <symbol id="sm-486">
         <name>GPIOIntClear</name>
         <value>0xb8eb</value>
         <object_component_ref idref="oc-175"/>
      </symbol>
      <symbol id="sm-487">
         <name>GPIOPinTypeUART</name>
         <value>0xb82b</value>
         <object_component_ref idref="oc-183"/>
      </symbol>
      <symbol id="sm-488">
         <name>GPIOPinTypeGPIOOutput</name>
         <value>0xb753</value>
         <object_component_ref idref="oc-139"/>
      </symbol>
      <symbol id="sm-489">
         <name>GPIODirModeSet</name>
         <value>0xb697</value>
         <object_component_ref idref="oc-24e"/>
      </symbol>
      <symbol id="sm-48a">
         <name>GPIOPadConfigSet</name>
         <value>0xa961</value>
         <object_component_ref idref="oc-145"/>
      </symbol>
      <symbol id="sm-4cc">
         <name>IntEnable</name>
         <value>0xaf99</value>
         <object_component_ref idref="oc-169"/>
      </symbol>
      <symbol id="sm-4cd">
         <name>IntRegister</name>
         <value>0xb5cd</value>
         <object_component_ref idref="oc-262"/>
      </symbol>
      <symbol id="sm-4ce">
         <name>g_pfnRAMVectors</name>
         <value>0x20000000</value>
         <object_component_ref idref="oc-349"/>
      </symbol>
      <symbol id="sm-4cf">
         <name>IntMasterEnable</name>
         <value>0xb84f</value>
         <object_component_ref idref="oc-16f"/>
      </symbol>
      <symbol id="sm-556">
         <name>SysCtlPeripheralPresent</name>
         <value>0xb55d</value>
         <object_component_ref idref="oc-1bf"/>
      </symbol>
      <symbol id="sm-557">
         <name>SysCtlDelay</name>
         <value>0xb8f1</value>
         <object_component_ref idref="oc-240"/>
      </symbol>
      <symbol id="sm-558">
         <name>SysCtlPeripheralEnable</name>
         <value>0xb601</value>
         <object_component_ref idref="oc-14b"/>
      </symbol>
      <symbol id="sm-559">
         <name>SysCtlPeripheralReady</name>
         <value>0xb595</value>
         <object_component_ref idref="oc-151"/>
      </symbol>
      <symbol id="sm-55a">
         <name>SysCtlClockFreqSet</name>
         <value>0xa281</value>
         <object_component_ref idref="oc-23a"/>
      </symbol>
      <symbol id="sm-5a0">
         <name>TimerLoadSet</name>
         <value>0xb83d</value>
         <object_component_ref idref="oc-8c"/>
      </symbol>
      <symbol id="sm-5a1">
         <name>TimerDisable</name>
         <value>0xb76d</value>
         <object_component_ref idref="oc-98"/>
      </symbol>
      <symbol id="sm-5a2">
         <name>TimerEnable</name>
         <value>0xb85f</value>
         <object_component_ref idref="oc-92"/>
      </symbol>
      <symbol id="sm-5a3">
         <name>TimerValueGet</name>
         <value>0xb8ab</value>
         <object_component_ref idref="oc-1b5"/>
      </symbol>
      <symbol id="sm-5a4">
         <name>TimerIntEnable</name>
         <value>0xb8d3</value>
         <object_component_ref idref="oc-1af"/>
      </symbol>
      <symbol id="sm-5a5">
         <name>TimerConfigure</name>
         <value>0xb0cd</value>
         <object_component_ref idref="oc-1a9"/>
      </symbol>
      <symbol id="sm-5a6">
         <name>TimerIntClear</name>
         <value>0xb8f7</value>
         <object_component_ref idref="oc-1a3"/>
      </symbol>
      <symbol id="sm-5f1">
         <name>UARTConfigSetExpClk</name>
         <value>0xb451</value>
         <object_component_ref idref="oc-189"/>
      </symbol>
      <symbol id="sm-5f2">
         <name>UARTDisable</name>
         <value>0xb6c1</value>
         <object_component_ref idref="oc-27e"/>
      </symbol>
      <symbol id="sm-5f3">
         <name>UARTIntEnable</name>
         <value>0xb8db</value>
         <object_component_ref idref="oc-18f"/>
      </symbol>
      <symbol id="sm-5f4">
         <name>UARTCharPut</name>
         <value>0xb8bf</value>
         <object_component_ref idref="oc-1cb"/>
      </symbol>
      <symbol id="sm-5f5">
         <name>UARTEnable</name>
         <value>0xb7b3</value>
         <object_component_ref idref="oc-1c5"/>
      </symbol>
      <symbol id="sm-5f6">
         <name>UARTIntClear</name>
         <value>0xb8fb</value>
         <object_component_ref idref="oc-c8"/>
      </symbol>
      <symbol id="sm-5f7">
         <name>UARTIntStatus</name>
         <value>0xb8c9</value>
         <object_component_ref idref="oc-19b"/>
      </symbol>
      <symbol id="sm-5f8">
         <name>UARTCharGet</name>
         <value>0xb8b5</value>
         <object_component_ref idref="oc-195"/>
      </symbol>
      <symbol id="sm-602">
         <name>CPUcpsie</name>
         <value>0xb87b</value>
         <object_component_ref idref="oc-26f"/>
      </symbol>
      <symbol id="sm-613">
         <name>_c_int00</name>
         <value>0xb1e5</value>
         <object_component_ref idref="oc-24"/>
      </symbol>
      <symbol id="sm-614">
         <name>__stack</name>
         <value>0x20000490</value>
         <object_component_ref idref="oc-2a"/>
      </symbol>
      <symbol id="sm-632">
         <name>__TI_decompress_lzss</name>
         <value>0xb001</value>
         <object_component_ref idref="oc-12"/>
      </symbol>
      <symbol id="sm-649">
         <name>__TI_decompress_none</name>
         <value>0xb86d</value>
         <object_component_ref idref="oc-18"/>
      </symbol>
      <symbol id="sm-65b">
         <name>__TI_zero_init</name>
         <value>0xb893</value>
         <object_component_ref idref="oc-1e"/>
      </symbol>
      <symbol id="sm-67c">
         <name>C$$EXIT</name>
         <value>0xb239</value>
         <object_component_ref idref="oc-75"/>
      </symbol>
      <symbol id="sm-67d">
         <name>abort</name>
         <value>0xb23d</value>
         <object_component_ref idref="oc-75"/>
      </symbol>
      <symbol id="sm-67e">
         <name>exit</name>
         <value>0xb245</value>
         <object_component_ref idref="oc-75"/>
      </symbol>
      <symbol id="sm-67f">
         <name>__TI_dtors_ptr</name>
         <value>0x200006b4</value>
         <object_component_ref idref="oc-111"/>
      </symbol>
      <symbol id="sm-680">
         <name>__TI_cleanup_ptr</name>
         <value>0x200006b0</value>
         <object_component_ref idref="oc-111"/>
      </symbol>
      <symbol id="sm-681">
         <name>__TI_enable_exit_profile_output</name>
         <value>0x200006b8</value>
         <object_component_ref idref="oc-111"/>
      </symbol>
      <symbol id="sm-69c">
         <name>memcpy</name>
         <value>0xac8d</value>
         <object_component_ref idref="oc-45"/>
      </symbol>
      <symbol id="sm-69d">
         <name>__aeabi_memcpy</name>
         <value>0xac8d</value>
         <object_component_ref idref="oc-45"/>
      </symbol>
      <symbol id="sm-69e">
         <name>__aeabi_memcpy8</name>
         <value>0xac8d</value>
         <object_component_ref idref="oc-45"/>
      </symbol>
      <symbol id="sm-69f">
         <name>__aeabi_memcpy4</name>
         <value>0xac8d</value>
         <object_component_ref idref="oc-45"/>
      </symbol>
      <symbol id="sm-6ae">
         <name>__aeabi_memset</name>
         <value>0xae37</value>
         <object_component_ref idref="oc-51"/>
      </symbol>
      <symbol id="sm-6af">
         <name>memset</name>
         <value>0xae3d</value>
         <object_component_ref idref="oc-51"/>
      </symbol>
      <symbol id="sm-6b0">
         <name>__aeabi_memset8</name>
         <value>0xae37</value>
         <object_component_ref idref="oc-51"/>
      </symbol>
      <symbol id="sm-6b1">
         <name>__aeabi_memset4</name>
         <value>0xae37</value>
         <object_component_ref idref="oc-51"/>
      </symbol>
      <symbol id="sm-6b2">
         <name>__aeabi_memclr8</name>
         <value>0xae35</value>
         <object_component_ref idref="oc-51"/>
      </symbol>
      <symbol id="sm-6b3">
         <name>__aeabi_memclr4</name>
         <value>0xae35</value>
         <object_component_ref idref="oc-51"/>
      </symbol>
      <symbol id="sm-6b4">
         <name>__aeabi_memclr</name>
         <value>0xae35</value>
         <object_component_ref idref="oc-51"/>
      </symbol>
      <symbol id="sm-6be">
         <name>__mpu_init</name>
         <value>0x8493</value>
         <object_component_ref idref="oc-5d"/>
      </symbol>
      <symbol id="sm-6c8">
         <name>_system_pre_init</name>
         <value>0xb903</value>
         <object_component_ref idref="oc-63"/>
      </symbol>
      <symbol id="sm-6e1">
         <name>sprintf</name>
         <value>0xb12d</value>
         <object_component_ref idref="oc-b6"/>
      </symbol>
      <symbol id="sm-6e9">
         <name>main_func_sp</name>
         <value>0x200006dc</value>
         <object_component_ref idref="oc-7b"/>
      </symbol>
      <symbol id="sm-6f9">
         <name>strcat</name>
         <value>0xb701</value>
         <object_component_ref idref="oc-128"/>
      </symbol>
      <symbol id="sm-707">
         <name>strcpy</name>
         <value>0xb7f1</value>
         <object_component_ref idref="oc-122"/>
      </symbol>
      <symbol id="sm-715">
         <name>strlen</name>
         <value>0xb805</value>
         <object_component_ref idref="oc-bc"/>
      </symbol>
      <symbol id="sm-728">
         <name>strstr</name>
         <value>0xb635</value>
         <object_component_ref idref="oc-86"/>
      </symbol>
      <symbol id="sm-737">
         <name>__aeabi_uidivmod</name>
         <value>0xb4dd</value>
         <object_component_ref idref="oc-1da"/>
      </symbol>
      <symbol id="sm-738">
         <name>__aeabi_uidiv</name>
         <value>0xb4dd</value>
         <object_component_ref idref="oc-1da"/>
      </symbol>
      <symbol id="sm-751">
         <name>_nop</name>
         <value>0xb7d7</value>
         <object_component_ref idref="oc-22e"/>
      </symbol>
      <symbol id="sm-752">
         <name>_lock</name>
         <value>0x200006bc</value>
         <object_component_ref idref="oc-114"/>
      </symbol>
      <symbol id="sm-753">
         <name>_unlock</name>
         <value>0x200006c0</value>
         <object_component_ref idref="oc-114"/>
      </symbol>
      <symbol id="sm-754">
         <name>_register_lock</name>
         <value>0xb7cf</value>
         <object_component_ref idref="oc-22e"/>
      </symbol>
      <symbol id="sm-755">
         <name>_register_unlock</name>
         <value>0xb7c9</value>
         <object_component_ref idref="oc-22e"/>
      </symbol>
      <symbol id="sm-856">
         <name>__TI_printfi</name>
         <value>0x7b99</value>
         <object_component_ref idref="oc-1e9"/>
      </symbol>
      <symbol id="sm-86a">
         <name>_args_main</name>
         <value>0xb785</value>
         <object_component_ref idref="oc-6f"/>
      </symbol>
      <symbol id="sm-880">
         <name>atoi</name>
         <value>0xb2e1</value>
         <object_component_ref idref="oc-2e6"/>
      </symbol>
      <symbol id="sm-8aa">
         <name>__TI_auto_init</name>
         <value>0xaf29</value>
         <object_component_ref idref="oc-69"/>
      </symbol>
      <symbol id="sm-8c4">
         <name>copy_in</name>
         <value>0xb32d</value>
         <object_component_ref idref="oc-fb"/>
      </symbol>
      <symbol id="sm-8cf">
         <name>_ctypes_</name>
         <value>0xbab8</value>
         <object_component_ref idref="oc-376"/>
      </symbol>
      <symbol id="sm-8e6">
         <name>__aeabi_dsub</name>
         <value>0xa675</value>
         <object_component_ref idref="oc-2cf"/>
      </symbol>
      <symbol id="sm-8e7">
         <name>__aeabi_dadd</name>
         <value>0xa67f</value>
         <object_component_ref idref="oc-2cf"/>
      </symbol>
      <symbol id="sm-909">
         <name>__aeabi_cdcmpeq</name>
         <value>0xad29</value>
         <object_component_ref idref="oc-2ab"/>
      </symbol>
      <symbol id="sm-90a">
         <name>__aeabi_cdcmple</name>
         <value>0xad29</value>
         <object_component_ref idref="oc-2ab"/>
      </symbol>
      <symbol id="sm-90b">
         <name>__aeabi_cdrcmple</name>
         <value>0xadaf</value>
         <object_component_ref idref="oc-2ba"/>
      </symbol>
      <symbol id="sm-91f">
         <name>__aeabi_ddiv</name>
         <value>0xa82b</value>
         <object_component_ref idref="oc-2b5"/>
      </symbol>
      <symbol id="sm-92a">
         <name>__aeabi_dmul</name>
         <value>0xaa93</value>
         <object_component_ref idref="oc-2b0"/>
      </symbol>
      <symbol id="sm-934">
         <name>__aeabi_d2iz</name>
         <value>0xb409</value>
         <object_component_ref idref="oc-2bf"/>
      </symbol>
      <symbol id="sm-93e">
         <name>__aeabi_idiv0</name>
         <value>0x7353</value>
         <object_component_ref idref="oc-299"/>
      </symbol>
      <symbol id="sm-948">
         <name>__aeabi_i2d</name>
         <value>0xb669</value>
         <object_component_ref idref="oc-2ca"/>
      </symbol>
      <symbol id="sm-957">
         <name>ltoa</name>
         <value>0xb28d</value>
         <object_component_ref idref="oc-2c4"/>
      </symbol>
      <symbol id="sm-967">
         <name>memccpy</name>
         <value>0xb71f</value>
         <object_component_ref idref="oc-2ec"/>
      </symbol>
      <symbol id="sm-982">
         <name>frexpl</name>
         <value>0xb069</value>
         <object_component_ref idref="oc-2d4"/>
      </symbol>
      <symbol id="sm-983">
         <name>frexp</name>
         <value>0xb069</value>
         <object_component_ref idref="oc-2d4"/>
      </symbol>
      <symbol id="sm-9a0">
         <name>scalbn</name>
         <value>0xab91</value>
         <object_component_ref idref="oc-2da"/>
      </symbol>
      <symbol id="sm-9a1">
         <name>scalbnl</name>
         <value>0xab91</value>
         <object_component_ref idref="oc-2da"/>
      </symbol>
      <symbol id="sm-9a2">
         <name>ldexpl</name>
         <value>0xab91</value>
         <object_component_ref idref="oc-2da"/>
      </symbol>
      <symbol id="sm-9a3">
         <name>ldexp</name>
         <value>0xab91</value>
         <object_component_ref idref="oc-2da"/>
      </symbol>
      <symbol id="sm-9ad">
         <name>_system_post_cinit</name>
         <value>0xab8f</value>
         <object_component_ref idref="oc-101"/>
      </symbol>
      <symbol id="sm-9bd">
         <name>strchr</name>
         <value>0xb79d</value>
         <object_component_ref idref="oc-2e0"/>
      </symbol>
      <symbol id="sm-9d9">
         <name>__aeabi_uldivmod</name>
         <value>0xa481</value>
         <object_component_ref idref="oc-2a6"/>
      </symbol>
      <symbol id="sm-9e1">
         <name>errno</name>
         <value>0x200006d8</value>
         <object_component_ref idref="oc-36f"/>
      </symbol>
      <symbol id="sm-9eb">
         <name>copysign</name>
         <value>0xb7dd</value>
         <object_component_ref idref="oc-369"/>
      </symbol>
      <symbol id="sm-9ec">
         <name>copysignl</name>
         <value>0xb7dd</value>
         <object_component_ref idref="oc-369"/>
      </symbol>
      <symbol id="sm-9ed">
         <name>__TI_static_base__</name>
         <value>0x0</value>
      </symbol>
      <symbol id="sm-9f0">
         <name>SHT$$INIT_ARRAY$$Limit</name>
         <value>0x0</value>
      </symbol>
      <symbol id="sm-9f1">
         <name>SHT$$INIT_ARRAY$$Base</name>
         <value>0x0</value>
      </symbol>
   </symbol_table>
   <title>Link successful</title>
</link_info>
