<?xml version="1.0"?>
<link_info>
   <banner>TI ARM Linker Unix v17.6.0.STS</banner>
   <copyright>Copyright (c) 1996-2017 Texas Instruments Incorporated</copyright>
   <link_time>0x59c9a2d6</link_time>
   <link_errors>0x0</link_errors>
   <output_file>Auto-Control via Internet.out</output_file>
   <entry_point>
      <name>_c_int00</name>
      <address>0xb855</address>
   </entry_point>
   <input_file_list>
      <input_file id="fl-2">
         <path>./</path>
         <kind>object</kind>
         <file>main.obj</file>
         <name>main.obj</name>
      </input_file>
      <input_file id="fl-3">
         <path>./lib/</path>
         <kind>object</kind>
         <file>CLK.1.0.1.obj</file>
         <name>CLK.1.0.1.obj</name>
      </input_file>
      <input_file id="fl-4">
         <path>./lib/</path>
         <kind>object</kind>
         <file>GPIO.1.0.1.obj</file>
         <name>GPIO.1.0.1.obj</name>
      </input_file>
      <input_file id="fl-5">
         <path>./lib/</path>
         <kind>object</kind>
         <file>LAUNCHPAD.1.0.1.obj</file>
         <name>LAUNCHPAD.1.0.1.obj</name>
      </input_file>
      <input_file id="fl-6">
         <path>./lib/</path>
         <kind>object</kind>
         <file>LCD162.1.0.1.obj</file>
         <name>LCD162.1.0.1.obj</name>
      </input_file>
      <input_file id="fl-7">
         <path>./lib/</path>
         <kind>object</kind>
         <file>TIMER.1.0.1.obj</file>
         <name>TIMER.1.0.1.obj</name>
      </input_file>
      <input_file id="fl-8">
         <path>./lib/</path>
         <kind>object</kind>
         <file>UART.1.0.1.obj</file>
         <name>UART.1.0.1.obj</name>
      </input_file>
      <input_file id="fl-9">
         <path>./lib/</path>
         <kind>object</kind>
         <file>uartstdio.obj</file>
         <name>uartstdio.obj</name>
      </input_file>
      <input_file id="fl-a">
         <path>./modules/actuator/</path>
         <kind>object</kind>
         <file>actuator.obj</file>
         <name>actuator.obj</name>
      </input_file>
      <input_file id="fl-b">
         <path>./modules/icdi/</path>
         <kind>object</kind>
         <file>icdi.obj</file>
         <name>icdi.obj</name>
      </input_file>
      <input_file id="fl-c">
         <path>./modules/keypad/</path>
         <kind>object</kind>
         <file>keypad.obj</file>
         <name>keypad.obj</name>
      </input_file>
      <input_file id="fl-d">
         <path>./modules/lcd/</path>
         <kind>object</kind>
         <file>lcd.obj</file>
         <name>lcd.obj</name>
      </input_file>
      <input_file id="fl-e">
         <path>./modules/ui/</path>
         <kind>object</kind>
         <file>ui.obj</file>
         <name>ui.obj</name>
      </input_file>
      <input_file id="fl-f">
         <path>./modules/wifi/</path>
         <kind>object</kind>
         <file>esp.obj</file>
         <name>esp.obj</name>
      </input_file>
      <input_file id="fl-10">
         <path>./modules/wifi/</path>
         <kind>object</kind>
         <file>frame.obj</file>
         <name>frame.obj</name>
      </input_file>
      <input_file id="fl-11">
         <path>./modules/wifi/</path>
         <kind>object</kind>
         <file>wifi.obj</file>
         <name>wifi.obj</name>
      </input_file>
      <input_file id="fl-12">
         <path>./system/</path>
         <kind>object</kind>
         <file>system.obj</file>
         <name>system.obj</name>
      </input_file>
      <input_file id="fl-13">
         <path>./system/</path>
         <kind>object</kind>
         <file>tm4c1294ncpdt_startup_ccs.obj</file>
         <name>tm4c1294ncpdt_startup_ccs.obj</name>
      </input_file>
      <input_file id="fl-18">
         <kind>object</kind>
         <file>&lt;internal&gt;</file>
         <name>&lt;internal&gt;</name>
      </input_file>
      <input_file id="fl-19">
         <path>/home/chinhthuy/ti/Tivaware/driverlib/ccs/Debug/</path>
         <kind>archive</kind>
         <file>driverlib.lib</file>
         <name>gpio.obj</name>
      </input_file>
      <input_file id="fl-1a">
         <path>/home/chinhthuy/ti/Tivaware/driverlib/ccs/Debug/</path>
         <kind>archive</kind>
         <file>driverlib.lib</file>
         <name>interrupt.obj</name>
      </input_file>
      <input_file id="fl-1b">
         <path>/home/chinhthuy/ti/Tivaware/driverlib/ccs/Debug/</path>
         <kind>archive</kind>
         <file>driverlib.lib</file>
         <name>sysctl.obj</name>
      </input_file>
      <input_file id="fl-1c">
         <path>/home/chinhthuy/ti/Tivaware/driverlib/ccs/Debug/</path>
         <kind>archive</kind>
         <file>driverlib.lib</file>
         <name>timer.obj</name>
      </input_file>
      <input_file id="fl-1d">
         <path>/home/chinhthuy/ti/Tivaware/driverlib/ccs/Debug/</path>
         <kind>archive</kind>
         <file>driverlib.lib</file>
         <name>uart.obj</name>
      </input_file>
      <input_file id="fl-1e">
         <path>/home/chinhthuy/ti/Tivaware/driverlib/ccs/Debug/</path>
         <kind>archive</kind>
         <file>driverlib.lib</file>
         <name>cpu.obj</name>
      </input_file>
      <input_file id="fl-d4">
         <path>/home/chinhthuy/ti/ccsv7/tools/compiler/ti-cgt-arm_17.6.0.STS/lib/</path>
         <kind>archive</kind>
         <file>rtsv7M4_T_le_v4SPD16_eabi.lib</file>
         <name>u_divt2.obj</name>
      </input_file>
      <input_file id="fl-d5">
         <path>/home/chinhthuy/ti/ccsv7/tools/compiler/ti-cgt-arm_17.6.0.STS/lib/</path>
         <kind>archive</kind>
         <file>rtsv7M4_T_le_v4SPD16_eabi.lib</file>
         <name>memset_t2.obj</name>
      </input_file>
      <input_file id="fl-d6">
         <path>/home/chinhthuy/ti/ccsv7/tools/compiler/ti-cgt-arm_17.6.0.STS/lib/</path>
         <kind>archive</kind>
         <file>rtsv7M4_T_le_v4SPD16_eabi.lib</file>
         <name>i_div0.obj</name>
      </input_file>
      <input_file id="fl-d7">
         <path>/home/chinhthuy/ti/ccsv7/tools/compiler/ti-cgt-arm_17.6.0.STS/lib/</path>
         <kind>archive</kind>
         <file>rtsv7M4_T_le_v4SPD16_eabi.lib</file>
         <name>copy_zero_init.obj</name>
      </input_file>
      <input_file id="fl-d8">
         <path>/home/chinhthuy/ti/ccsv7/tools/compiler/ti-cgt-arm_17.6.0.STS/lib/</path>
         <kind>archive</kind>
         <file>rtsv7M4_T_le_v4SPD16_eabi.lib</file>
         <name>copy_decompress_none.obj</name>
      </input_file>
      <input_file id="fl-d9">
         <path>/home/chinhthuy/ti/ccsv7/tools/compiler/ti-cgt-arm_17.6.0.STS/lib/</path>
         <kind>archive</kind>
         <file>rtsv7M4_T_le_v4SPD16_eabi.lib</file>
         <name>copy_decompress_lzss.obj</name>
      </input_file>
      <input_file id="fl-da">
         <path>/home/chinhthuy/ti/ccsv7/tools/compiler/ti-cgt-arm_17.6.0.STS/lib/</path>
         <kind>archive</kind>
         <file>rtsv7M4_T_le_v4SPD16_eabi.lib</file>
         <name>sprintf.obj</name>
      </input_file>
      <input_file id="fl-db">
         <path>/home/chinhthuy/ti/ccsv7/tools/compiler/ti-cgt-arm_17.6.0.STS/lib/</path>
         <kind>archive</kind>
         <file>rtsv7M4_T_le_v4SPD16_eabi.lib</file>
         <name>strcat.obj</name>
      </input_file>
      <input_file id="fl-dc">
         <path>/home/chinhthuy/ti/ccsv7/tools/compiler/ti-cgt-arm_17.6.0.STS/lib/</path>
         <kind>archive</kind>
         <file>rtsv7M4_T_le_v4SPD16_eabi.lib</file>
         <name>strcpy.obj</name>
      </input_file>
      <input_file id="fl-dd">
         <path>/home/chinhthuy/ti/ccsv7/tools/compiler/ti-cgt-arm_17.6.0.STS/lib/</path>
         <kind>archive</kind>
         <file>rtsv7M4_T_le_v4SPD16_eabi.lib</file>
         <name>strlen.obj</name>
      </input_file>
      <input_file id="fl-de">
         <path>/home/chinhthuy/ti/ccsv7/tools/compiler/ti-cgt-arm_17.6.0.STS/lib/</path>
         <kind>archive</kind>
         <file>rtsv7M4_T_le_v4SPD16_eabi.lib</file>
         <name>strncpy.obj</name>
      </input_file>
      <input_file id="fl-df">
         <path>/home/chinhthuy/ti/ccsv7/tools/compiler/ti-cgt-arm_17.6.0.STS/lib/</path>
         <kind>archive</kind>
         <file>rtsv7M4_T_le_v4SPD16_eabi.lib</file>
         <name>strstr.obj</name>
      </input_file>
      <input_file id="fl-e0">
         <path>/home/chinhthuy/ti/ccsv7/tools/compiler/ti-cgt-arm_17.6.0.STS/lib/</path>
         <kind>archive</kind>
         <file>rtsv7M4_T_le_v4SPD16_eabi.lib</file>
         <name>boot_cortex_m.obj</name>
      </input_file>
      <input_file id="fl-e1">
         <path>/home/chinhthuy/ti/ccsv7/tools/compiler/ti-cgt-arm_17.6.0.STS/lib/</path>
         <kind>archive</kind>
         <file>rtsv7M4_T_le_v4SPD16_eabi.lib</file>
         <name>memcpy_t2.obj</name>
      </input_file>
      <input_file id="fl-e2">
         <path>/home/chinhthuy/ti/ccsv7/tools/compiler/ti-cgt-arm_17.6.0.STS/lib/</path>
         <kind>archive</kind>
         <file>rtsv7M4_T_le_v4SPD16_eabi.lib</file>
         <name>autoinit.obj</name>
      </input_file>
      <input_file id="fl-e3">
         <path>/home/chinhthuy/ti/ccsv7/tools/compiler/ti-cgt-arm_17.6.0.STS/lib/</path>
         <kind>archive</kind>
         <file>rtsv7M4_T_le_v4SPD16_eabi.lib</file>
         <name>pre_init.obj</name>
      </input_file>
      <input_file id="fl-e4">
         <path>/home/chinhthuy/ti/ccsv7/tools/compiler/ti-cgt-arm_17.6.0.STS/lib/</path>
         <kind>archive</kind>
         <file>rtsv7M4_T_le_v4SPD16_eabi.lib</file>
         <name>startup.obj</name>
      </input_file>
      <input_file id="fl-e5">
         <path>/home/chinhthuy/ti/ccsv7/tools/compiler/ti-cgt-arm_17.6.0.STS/lib/</path>
         <kind>archive</kind>
         <file>rtsv7M4_T_le_v4SPD16_eabi.lib</file>
         <name>cpy_tbl.obj</name>
      </input_file>
      <input_file id="fl-e6">
         <path>/home/chinhthuy/ti/ccsv7/tools/compiler/ti-cgt-arm_17.6.0.STS/lib/</path>
         <kind>archive</kind>
         <file>rtsv7M4_T_le_v4SPD16_eabi.lib</file>
         <name>exit.obj</name>
      </input_file>
      <input_file id="fl-e7">
         <path>/home/chinhthuy/ti/ccsv7/tools/compiler/ti-cgt-arm_17.6.0.STS/lib/</path>
         <kind>archive</kind>
         <file>rtsv7M4_T_le_v4SPD16_eabi.lib</file>
         <name>_lock.obj</name>
      </input_file>
      <input_file id="fl-e8">
         <path>/home/chinhthuy/ti/ccsv7/tools/compiler/ti-cgt-arm_17.6.0.STS/lib/</path>
         <kind>archive</kind>
         <file>rtsv7M4_T_le_v4SPD16_eabi.lib</file>
         <name>_printfi.obj</name>
      </input_file>
      <input_file id="fl-e9">
         <path>/home/chinhthuy/ti/ccsv7/tools/compiler/ti-cgt-arm_17.6.0.STS/lib/</path>
         <kind>archive</kind>
         <file>rtsv7M4_T_le_v4SPD16_eabi.lib</file>
         <name>args_main.obj</name>
      </input_file>
      <input_file id="fl-ea">
         <path>/home/chinhthuy/ti/ccsv7/tools/compiler/ti-cgt-arm_17.6.0.STS/lib/</path>
         <kind>archive</kind>
         <file>rtsv7M4_T_le_v4SPD16_eabi.lib</file>
         <name>atoi.obj</name>
      </input_file>
      <input_file id="fl-eb">
         <path>/home/chinhthuy/ti/ccsv7/tools/compiler/ti-cgt-arm_17.6.0.STS/lib/</path>
         <kind>archive</kind>
         <file>rtsv7M4_T_le_v4SPD16_eabi.lib</file>
         <name>ctype.obj</name>
      </input_file>
      <input_file id="fl-ec">
         <path>/home/chinhthuy/ti/ccsv7/tools/compiler/ti-cgt-arm_17.6.0.STS/lib/</path>
         <kind>archive</kind>
         <file>rtsv7M4_T_le_v4SPD16_eabi.lib</file>
         <name>ltoa.obj</name>
      </input_file>
      <input_file id="fl-ed">
         <path>/home/chinhthuy/ti/ccsv7/tools/compiler/ti-cgt-arm_17.6.0.STS/lib/</path>
         <kind>archive</kind>
         <file>rtsv7M4_T_le_v4SPD16_eabi.lib</file>
         <name>memccpy.obj</name>
      </input_file>
      <input_file id="fl-ee">
         <path>/home/chinhthuy/ti/ccsv7/tools/compiler/ti-cgt-arm_17.6.0.STS/lib/</path>
         <kind>archive</kind>
         <file>rtsv7M4_T_le_v4SPD16_eabi.lib</file>
         <name>strchr.obj</name>
      </input_file>
      <input_file id="fl-ef">
         <path>/home/chinhthuy/ti/ccsv7/tools/compiler/ti-cgt-arm_17.6.0.STS/lib/</path>
         <kind>archive</kind>
         <file>rtsv7M4_T_le_v4SPD16_eabi.lib</file>
         <name>s_frexp.obj</name>
      </input_file>
      <input_file id="fl-f0">
         <path>/home/chinhthuy/ti/ccsv7/tools/compiler/ti-cgt-arm_17.6.0.STS/lib/</path>
         <kind>archive</kind>
         <file>rtsv7M4_T_le_v4SPD16_eabi.lib</file>
         <name>s_scalbn.obj</name>
      </input_file>
      <input_file id="fl-f1">
         <path>/home/chinhthuy/ti/ccsv7/tools/compiler/ti-cgt-arm_17.6.0.STS/lib/</path>
         <kind>archive</kind>
         <file>rtsv7M4_T_le_v4SPD16_eabi.lib</file>
         <name>ull_div_t2.obj</name>
      </input_file>
      <input_file id="fl-f2">
         <path>/home/chinhthuy/ti/ccsv7/tools/compiler/ti-cgt-arm_17.6.0.STS/lib/</path>
         <kind>archive</kind>
         <file>rtsv7M4_T_le_v4SPD16_eabi.lib</file>
         <name>fd_add_t2.obj</name>
      </input_file>
      <input_file id="fl-f3">
         <path>/home/chinhthuy/ti/ccsv7/tools/compiler/ti-cgt-arm_17.6.0.STS/lib/</path>
         <kind>archive</kind>
         <file>rtsv7M4_T_le_v4SPD16_eabi.lib</file>
         <name>fd_cmp_t2.obj</name>
      </input_file>
      <input_file id="fl-f4">
         <path>/home/chinhthuy/ti/ccsv7/tools/compiler/ti-cgt-arm_17.6.0.STS/lib/</path>
         <kind>archive</kind>
         <file>rtsv7M4_T_le_v4SPD16_eabi.lib</file>
         <name>fd_div_t2.obj</name>
      </input_file>
      <input_file id="fl-f5">
         <path>/home/chinhthuy/ti/ccsv7/tools/compiler/ti-cgt-arm_17.6.0.STS/lib/</path>
         <kind>archive</kind>
         <file>rtsv7M4_T_le_v4SPD16_eabi.lib</file>
         <name>fd_mul_t2.obj</name>
      </input_file>
      <input_file id="fl-f6">
         <path>/home/chinhthuy/ti/ccsv7/tools/compiler/ti-cgt-arm_17.6.0.STS/lib/</path>
         <kind>archive</kind>
         <file>rtsv7M4_T_le_v4SPD16_eabi.lib</file>
         <name>fd_toi_t2.obj</name>
      </input_file>
      <input_file id="fl-f7">
         <path>/home/chinhthuy/ti/ccsv7/tools/compiler/ti-cgt-arm_17.6.0.STS/lib/</path>
         <kind>archive</kind>
         <file>rtsv7M4_T_le_v4SPD16_eabi.lib</file>
         <name>i_tofd_t2.obj</name>
      </input_file>
      <input_file id="fl-f8">
         <path>/home/chinhthuy/ti/ccsv7/tools/compiler/ti-cgt-arm_17.6.0.STS/lib/</path>
         <kind>archive</kind>
         <file>rtsv7M4_T_le_v4SPD16_eabi.lib</file>
         <name>errno.obj</name>
      </input_file>
      <input_file id="fl-f9">
         <path>/home/chinhthuy/ti/ccsv7/tools/compiler/ti-cgt-arm_17.6.0.STS/lib/</path>
         <kind>archive</kind>
         <file>rtsv7M4_T_le_v4SPD16_eabi.lib</file>
         <name>s_copysign.obj</name>
      </input_file>
   </input_file_list>
   <object_component_list>
      <object_component id="oc-f">
         <name>.intvecs</name>
         <load_address>0x0</load_address>
         <run_address>0x0</run_address>
         <size>0x208</size>
         <input_file_ref idref="fl-13"/>
      </object_component>
      <object_component id="oc-d6">
         <name>.text</name>
         <load_address>0x208</load_address>
         <run_address>0x208</run_address>
         <size>0x714a</size>
         <input_file_ref idref="fl-3"/>
      </object_component>
      <object_component id="oc-11d">
         <name>.text</name>
         <load_address>0x7352</load_address>
         <run_address>0x7352</run_address>
         <size>0x2</size>
         <input_file_ref idref="fl-e4"/>
      </object_component>
      <object_component id="oc-1f7">
         <name>.text</name>
         <load_address>0x7354</load_address>
         <run_address>0x7354</run_address>
         <size>0x1146</size>
         <input_file_ref idref="fl-e8"/>
      </object_component>
      <object_component id="oc-193">
         <name>.text</name>
         <load_address>0x849c</load_address>
         <run_address>0x849c</run_address>
         <size>0x5e0</size>
         <input_file_ref idref="fl-6"/>
      </object_component>
      <object_component id="oc-88">
         <name>.text</name>
         <load_address>0x8a7c</load_address>
         <run_address>0x8a7c</run_address>
         <size>0x5b8</size>
         <input_file_ref idref="fl-8"/>
      </object_component>
      <object_component id="oc-3a">
         <name>.text</name>
         <load_address>0x9034</load_address>
         <run_address>0x9034</run_address>
         <size>0x520</size>
         <input_file_ref idref="fl-11"/>
      </object_component>
      <object_component id="oc-ca">
         <name>.text</name>
         <load_address>0x9554</load_address>
         <run_address>0x9554</run_address>
         <size>0x488</size>
         <input_file_ref idref="fl-4"/>
      </object_component>
      <object_component id="oc-d0">
         <name>.text</name>
         <load_address>0x99dc</load_address>
         <run_address>0x99dc</run_address>
         <size>0x2b0</size>
         <input_file_ref idref="fl-7"/>
      </object_component>
      <object_component id="oc-a6">
         <name>.text</name>
         <load_address>0x9c8c</load_address>
         <run_address>0x9c8c</run_address>
         <size>0x270</size>
         <input_file_ref idref="fl-f"/>
      </object_component>
      <object_component id="oc-ec">
         <name>.text</name>
         <load_address>0x9efc</load_address>
         <run_address>0x9efc</run_address>
         <size>0x218</size>
         <input_file_ref idref="fl-10"/>
      </object_component>
      <object_component id="oc-40">
         <name>.text</name>
         <load_address>0xa114</load_address>
         <run_address>0xa114</run_address>
         <size>0x208</size>
         <input_file_ref idref="fl-c"/>
      </object_component>
      <object_component id="oc-1e3">
         <name>.text:SysCtlClockFreqSet</name>
         <load_address>0xa31c</load_address>
         <run_address>0xa31c</run_address>
         <size>0x200</size>
         <input_file_ref idref="fl-1b"/>
      </object_component>
      <object_component id="oc-2b7">
         <name>.text</name>
         <load_address>0xa51c</load_address>
         <run_address>0xa51c</run_address>
         <size>0x1f4</size>
         <input_file_ref idref="fl-f1"/>
      </object_component>
      <object_component id="oc-2e0">
         <name>.text</name>
         <load_address>0xa710</load_address>
         <run_address>0xa710</run_address>
         <size>0x1b6</size>
         <input_file_ref idref="fl-f2"/>
      </object_component>
      <object_component id="oc-2c6">
         <name>.text</name>
         <load_address>0xa8c6</load_address>
         <run_address>0xa8c6</run_address>
         <size>0x136</size>
         <input_file_ref idref="fl-f4"/>
      </object_component>
      <object_component id="oc-1a7">
         <name>.text:GPIOPadConfigSet</name>
         <load_address>0xa9fc</load_address>
         <run_address>0xa9fc</run_address>
         <size>0x132</size>
         <input_file_ref idref="fl-19"/>
      </object_component>
      <object_component id="oc-34">
         <name>.text</name>
         <load_address>0xab30</load_address>
         <run_address>0xab30</run_address>
         <size>0xfc</size>
         <input_file_ref idref="fl-b"/>
      </object_component>
      <object_component id="oc-2c1">
         <name>.text</name>
         <load_address>0xac2c</load_address>
         <run_address>0xac2c</run_address>
         <size>0xfc</size>
         <input_file_ref idref="fl-f5"/>
      </object_component>
      <object_component id="oc-2eb">
         <name>.text</name>
         <load_address>0xad28</load_address>
         <run_address>0xad28</run_address>
         <size>0xfc</size>
         <input_file_ref idref="fl-f0"/>
      </object_component>
      <object_component id="oc-c4">
         <name>.text</name>
         <load_address>0xae24</load_address>
         <run_address>0xae24</run_address>
         <size>0xb4</size>
         <input_file_ref idref="fl-d"/>
      </object_component>
      <object_component id="oc-54">
         <name>.text</name>
         <load_address>0xaed8</load_address>
         <run_address>0xaed8</run_address>
         <size>0x9c</size>
         <input_file_ref idref="fl-e1"/>
      </object_component>
      <object_component id="oc-229">
         <name>.text</name>
         <load_address>0xaf74</load_address>
         <run_address>0xaf74</run_address>
         <size>0x88</size>
         <input_file_ref idref="fl-a"/>
      </object_component>
      <object_component id="oc-2bc">
         <name>.text:__aeabi_cdcmple</name>
         <load_address>0xaffc</load_address>
         <run_address>0xaffc</run_address>
         <size>0x86</size>
         <input_file_ref idref="fl-f3"/>
      </object_component>
      <object_component id="oc-2cb">
         <name>.text:__aeabi_cdrcmple</name>
         <load_address>0xb082</load_address>
         <run_address>0xb082</run_address>
         <size>0x86</size>
         <input_file_ref idref="fl-f3"/>
      </object_component>
      <object_component id="oc-60">
         <name>.text</name>
         <load_address>0xb108</load_address>
         <run_address>0xb108</run_address>
         <size>0x7a</size>
         <input_file_ref idref="fl-d5"/>
      </object_component>
      <object_component id="oc-72">
         <name>.text</name>
         <load_address>0xb184</load_address>
         <run_address>0xb184</run_address>
         <size>0x70</size>
         <input_file_ref idref="fl-e2"/>
      </object_component>
      <object_component id="oc-14e">
         <name>.text:IntEnable</name>
         <load_address>0xb1f4</load_address>
         <run_address>0xb1f4</run_address>
         <size>0x68</size>
         <input_file_ref idref="fl-1a"/>
      </object_component>
      <object_component id="oc-12">
         <name>.text:decompress:lzss</name>
         <load_address>0xb25c</load_address>
         <run_address>0xb25c</run_address>
         <size>0x68</size>
         <input_file_ref idref="fl-d9"/>
      </object_component>
      <object_component id="oc-2e5">
         <name>.text</name>
         <load_address>0xb2c4</load_address>
         <run_address>0xb2c4</run_address>
         <size>0x64</size>
         <input_file_ref idref="fl-ef"/>
      </object_component>
      <object_component id="oc-1cd">
         <name>.text:TimerConfigure</name>
         <load_address>0xb328</load_address>
         <run_address>0xb328</run_address>
         <size>0x60</size>
         <input_file_ref idref="fl-1c"/>
      </object_component>
      <object_component id="oc-e0">
         <name>.text</name>
         <load_address>0xb388</load_address>
         <run_address>0xb388</run_address>
         <size>0x60</size>
         <input_file_ref idref="fl-da"/>
      </object_component>
      <object_component id="oc-1ad">
         <name>.text:GPIOIntTypeSet</name>
         <load_address>0xb3e8</load_address>
         <run_address>0xb3e8</run_address>
         <size>0x56</size>
         <input_file_ref idref="fl-19"/>
      </object_component>
      <object_component id="oc-7e">
         <name>.text</name>
         <load_address>0xb440</load_address>
         <run_address>0xb440</run_address>
         <size>0x54</size>
         <input_file_ref idref="fl-e6"/>
      </object_component>
      <object_component id="oc-2d5">
         <name>.text</name>
         <load_address>0xb494</load_address>
         <run_address>0xb494</run_address>
         <size>0x54</size>
         <input_file_ref idref="fl-ec"/>
      </object_component>
      <object_component id="oc-223">
         <name>.text</name>
         <load_address>0xb4e8</load_address>
         <run_address>0xb4e8</run_address>
         <size>0x50</size>
         <input_file_ref idref="fl-12"/>
      </object_component>
      <object_component id="oc-2f7">
         <name>.text</name>
         <load_address>0xb538</load_address>
         <run_address>0xb538</run_address>
         <size>0x4c</size>
         <input_file_ref idref="fl-ea"/>
      </object_component>
      <object_component id="oc-117">
         <name>.text</name>
         <load_address>0xb584</load_address>
         <run_address>0xb584</run_address>
         <size>0x4c</size>
         <input_file_ref idref="fl-e5"/>
      </object_component>
      <object_component id="oc-2e">
         <name>.text</name>
         <load_address>0xb5d0</load_address>
         <run_address>0xb5d0</run_address>
         <size>0x4a</size>
         <input_file_ref idref="fl-13"/>
      </object_component>
      <object_component id="oc-136">
         <name>.text:GPIOPinConfigure</name>
         <load_address>0xb61c</load_address>
         <run_address>0xb61c</run_address>
         <size>0x48</size>
         <input_file_ref idref="fl-19"/>
      </object_component>
      <object_component id="oc-2a6">
         <name>.text:_SysCtlFrequencyGet</name>
         <load_address>0xb664</load_address>
         <run_address>0xb664</run_address>
         <size>0x48</size>
         <input_file_ref idref="fl-1b"/>
      </object_component>
      <object_component id="oc-2d0">
         <name>.text</name>
         <load_address>0xb6ac</load_address>
         <run_address>0xb6ac</run_address>
         <size>0x48</size>
         <input_file_ref idref="fl-f6"/>
      </object_component>
      <object_component id="oc-142">
         <name>.text:UARTConfigSetExpClk</name>
         <load_address>0xb6f4</load_address>
         <run_address>0xb6f4</run_address>
         <size>0x46</size>
         <input_file_ref idref="fl-1d"/>
      </object_component>
      <object_component id="oc-289">
         <name>.text:_GPIOIntNumberGet</name>
         <load_address>0xb73c</load_address>
         <run_address>0xb73c</run_address>
         <size>0x44</size>
         <input_file_ref idref="fl-19"/>
      </object_component>
      <object_component id="oc-160">
         <name>.text:SysCtlPeripheralReady</name>
         <load_address>0xb780</load_address>
         <run_address>0xb780</run_address>
         <size>0x38</size>
         <input_file_ref idref="fl-1b"/>
      </object_component>
      <object_component id="oc-28f">
         <name>.text:IntRegister</name>
         <load_address>0xb7b8</load_address>
         <run_address>0xb7b8</run_address>
         <size>0x34</size>
         <input_file_ref idref="fl-1a"/>
      </object_component>
      <object_component id="oc-15a">
         <name>.text:SysCtlPeripheralEnable</name>
         <load_address>0xb7ec</load_address>
         <run_address>0xb7ec</run_address>
         <size>0x34</size>
         <input_file_ref idref="fl-1b"/>
      </object_component>
      <object_component id="oc-ac">
         <name>.text</name>
         <load_address>0xb820</load_address>
         <run_address>0xb820</run_address>
         <size>0x34</size>
         <input_file_ref idref="fl-df"/>
      </object_component>
      <object_component id="oc-24">
         <name>.text</name>
         <load_address>0xb854</load_address>
         <run_address>0xb854</run_address>
         <size>0x30</size>
         <input_file_ref idref="fl-e0"/>
      </object_component>
      <object_component id="oc-2db">
         <name>.text</name>
         <load_address>0xb884</load_address>
         <run_address>0xb884</run_address>
         <size>0x2e</size>
         <input_file_ref idref="fl-f7"/>
      </object_component>
      <object_component id="oc-24a">
         <name>.text:GPIODirModeSet</name>
         <load_address>0xb8b2</load_address>
         <run_address>0xb8b2</run_address>
         <size>0x2a</size>
         <input_file_ref idref="fl-19"/>
      </object_component>
      <object_component id="oc-251">
         <name>.text:UARTDisable</name>
         <load_address>0xb8dc</load_address>
         <run_address>0xb8dc</run_address>
         <size>0x20</size>
         <input_file_ref idref="fl-1d"/>
      </object_component>
      <object_component id="oc-2a0">
         <name>.text:_SysCtlMemTimingGet</name>
         <load_address>0xb8fc</load_address>
         <run_address>0xb8fc</run_address>
         <size>0x20</size>
         <input_file_ref idref="fl-1b"/>
      </object_component>
      <object_component id="oc-180">
         <name>.text</name>
         <load_address>0xb91c</load_address>
         <run_address>0xb91c</run_address>
         <size>0x1e</size>
         <input_file_ref idref="fl-db"/>
      </object_component>
      <object_component id="oc-2fd">
         <name>.text</name>
         <load_address>0xb93a</load_address>
         <run_address>0xb93a</run_address>
         <size>0x1c</size>
         <input_file_ref idref="fl-ed"/>
      </object_component>
      <object_component id="oc-1b3">
         <name>.text:GPIOIntRegister</name>
         <load_address>0xb956</load_address>
         <run_address>0xb956</run_address>
         <size>0x18</size>
         <input_file_ref idref="fl-19"/>
      </object_component>
      <object_component id="oc-19b">
         <name>.text:GPIOPinTypeGPIOOutput</name>
         <load_address>0xb96e</load_address>
         <run_address>0xb96e</run_address>
         <size>0x18</size>
         <input_file_ref idref="fl-19"/>
      </object_component>
      <object_component id="oc-be">
         <name>.text:TimerDisable</name>
         <load_address>0xb988</load_address>
         <run_address>0xb988</run_address>
         <size>0x18</size>
         <input_file_ref idref="fl-1c"/>
      </object_component>
      <object_component id="oc-78">
         <name>.text</name>
         <load_address>0xb9a0</load_address>
         <run_address>0xb9a0</run_address>
         <size>0x18</size>
         <input_file_ref idref="fl-e9"/>
      </object_component>
      <object_component id="oc-125">
         <name>.text</name>
         <load_address>0xb9b8</load_address>
         <run_address>0xb9b8</run_address>
         <size>0x16</size>
         <input_file_ref idref="fl-2"/>
      </object_component>
      <object_component id="oc-2f1">
         <name>.text</name>
         <load_address>0xb9ce</load_address>
         <run_address>0xb9ce</run_address>
         <size>0x16</size>
         <input_file_ref idref="fl-ee"/>
      </object_component>
      <object_component id="oc-257">
         <name>.text:UARTEnable</name>
         <load_address>0xb9e4</load_address>
         <run_address>0xb9e4</run_address>
         <size>0x14</size>
         <input_file_ref idref="fl-1d"/>
      </object_component>
      <object_component id="oc-239">
         <name>.text</name>
         <load_address>0xb9f8</load_address>
         <run_address>0xb9f8</run_address>
         <size>0x14</size>
         <input_file_ref idref="fl-e7"/>
      </object_component>
      <object_component id="oc-372">
         <name>.text</name>
         <load_address>0xba0c</load_address>
         <run_address>0xba0c</run_address>
         <size>0x14</size>
         <input_file_ref idref="fl-f9"/>
      </object_component>
      <object_component id="oc-17a">
         <name>.text</name>
         <load_address>0xba20</load_address>
         <run_address>0xba20</run_address>
         <size>0x14</size>
         <input_file_ref idref="fl-dc"/>
      </object_component>
      <object_component id="oc-e6">
         <name>.text</name>
         <load_address>0xba34</load_address>
         <run_address>0xba34</run_address>
         <size>0x14</size>
         <input_file_ref idref="fl-dd"/>
      </object_component>
      <object_component id="oc-1a1">
         <name>.text:GPIOPinTypeGPIOInput</name>
         <load_address>0xba48</load_address>
         <run_address>0xba48</run_address>
         <size>0x12</size>
         <input_file_ref idref="fl-19"/>
      </object_component>
      <object_component id="oc-13c">
         <name>.text:GPIOPinTypeUART</name>
         <load_address>0xba5a</load_address>
         <run_address>0xba5a</run_address>
         <size>0x12</size>
         <input_file_ref idref="fl-19"/>
      </object_component>
      <object_component id="oc-b2">
         <name>.text:TimerLoadSet</name>
         <load_address>0xba6c</load_address>
         <run_address>0xba6c</run_address>
         <size>0x12</size>
         <input_file_ref idref="fl-1c"/>
      </object_component>
      <object_component id="oc-148">
         <name>.text:IntMasterEnable</name>
         <load_address>0xba7e</load_address>
         <run_address>0xba7e</run_address>
         <size>0x10</size>
         <input_file_ref idref="fl-1a"/>
      </object_component>
      <object_component id="oc-b8">
         <name>.text:TimerEnable</name>
         <load_address>0xba8e</load_address>
         <run_address>0xba8e</run_address>
         <size>0xe</size>
         <input_file_ref idref="fl-1c"/>
      </object_component>
      <object_component id="oc-18">
         <name>.text:decompress:none</name>
         <load_address>0xba9c</load_address>
         <run_address>0xba9c</run_address>
         <size>0xe</size>
         <input_file_ref idref="fl-d8"/>
      </object_component>
      <object_component id="oc-25e">
         <name>.text:CPUcpsie</name>
         <load_address>0xbaaa</load_address>
         <run_address>0xbaaa</run_address>
         <size>0xc</size>
         <input_file_ref idref="fl-1e"/>
      </object_component>
      <object_component id="oc-1b9">
         <name>.text:GPIOIntEnable</name>
         <load_address>0xbab6</load_address>
         <run_address>0xbab6</run_address>
         <size>0xc</size>
         <input_file_ref idref="fl-19"/>
      </object_component>
      <object_component id="oc-1e">
         <name>.text:decompress:ZI</name>
         <load_address>0xbac2</load_address>
         <run_address>0xbac2</run_address>
         <size>0xc</size>
         <input_file_ref idref="fl-d7"/>
      </object_component>
      <object_component id="oc-1d9">
         <name>.text:TimerValueGet</name>
         <load_address>0xbace</load_address>
         <run_address>0xbace</run_address>
         <size>0xa</size>
         <input_file_ref idref="fl-1c"/>
      </object_component>
      <object_component id="oc-166">
         <name>.text:UARTCharGet</name>
         <load_address>0xbad8</load_address>
         <run_address>0xbad8</run_address>
         <size>0xa</size>
         <input_file_ref idref="fl-1d"/>
      </object_component>
      <object_component id="oc-16c">
         <name>.text:UARTIntStatus</name>
         <load_address>0xbae2</load_address>
         <run_address>0xbae2</run_address>
         <size>0xa</size>
         <input_file_ref idref="fl-1d"/>
      </object_component>
      <object_component id="oc-1d3">
         <name>.text:TimerIntEnable</name>
         <load_address>0xbaec</load_address>
         <run_address>0xbaec</run_address>
         <size>0x8</size>
         <input_file_ref idref="fl-1c"/>
      </object_component>
      <object_component id="oc-154">
         <name>.text:UARTIntEnable</name>
         <load_address>0xbaf4</load_address>
         <run_address>0xbaf4</run_address>
         <size>0x8</size>
         <input_file_ref idref="fl-1d"/>
      </object_component>
      <object_component id="oc-1bf">
         <name>.text:GPIOIntClear</name>
         <load_address>0xbafc</load_address>
         <run_address>0xbafc</run_address>
         <size>0x6</size>
         <input_file_ref idref="fl-19"/>
      </object_component>
      <object_component id="oc-1e9">
         <name>.text:SysCtlDelay</name>
         <load_address>0xbb02</load_address>
         <run_address>0xbb02</run_address>
         <size>0x6</size>
         <input_file_ref idref="fl-1b"/>
      </object_component>
      <object_component id="oc-1c7">
         <name>.text:TimerIntClear</name>
         <load_address>0xbb08</load_address>
         <run_address>0xbb08</run_address>
         <size>0x4</size>
         <input_file_ref idref="fl-1c"/>
      </object_component>
      <object_component id="oc-8e">
         <name>.text:UARTIntClear</name>
         <load_address>0xbb0c</load_address>
         <run_address>0xbb0c</run_address>
         <size>0x4</size>
         <input_file_ref idref="fl-1d"/>
      </object_component>
      <object_component id="oc-6c">
         <name>.text</name>
         <load_address>0xbb10</load_address>
         <run_address>0xbb10</run_address>
         <size>0x4</size>
         <input_file_ref idref="fl-e3"/>
      </object_component>
      <object_component id="oc-2af">
         <name>.const:g_pppui32XTALtoVCO</name>
         <load_address>0xbb14</load_address>
         <run_address>0xbb14</run_address>
         <size>0x1b0</size>
         <input_file_ref idref="fl-1b"/>
      </object_component>
      <object_component id="oc-37f">
         <name>.const:.string:_ctypes_</name>
         <load_address>0xbcc4</load_address>
         <run_address>0xbcc4</run_address>
         <size>0x101</size>
         <input_file_ref idref="fl-eb"/>
      </object_component>
      <object_component id="oc-34c">
         <name>.const:g_ppui32GPIOIntMapSnowflake</name>
         <load_address>0xbdc8</load_address>
         <run_address>0xbdc8</run_address>
         <size>0xd8</size>
         <input_file_ref idref="fl-19"/>
      </object_component>
      <object_component id="oc-349">
         <name>.const:g_ppui32GPIOIntMapBlizzard</name>
         <load_address>0xbea0</load_address>
         <run_address>0xbea0</run_address>
         <size>0xc0</size>
         <input_file_ref idref="fl-19"/>
      </object_component>
      <object_component id="oc-245">
         <name>.const:g_pui32GPIOBaseAddrs</name>
         <load_address>0xbf60</load_address>
         <run_address>0xbf60</run_address>
         <size>0x90</size>
         <input_file_ref idref="fl-19"/>
      </object_component>
      <object_component id="oc-265">
         <name>.const</name>
         <load_address>0xbff0</load_address>
         <run_address>0xbff0</run_address>
         <size>0x70</size>
         <input_file_ref idref="fl-1a"/>
      </object_component>
      <object_component id="oc-2ac">
         <name>.const:g_pui32Xtals</name>
         <load_address>0xc060</load_address>
         <run_address>0xc060</run_address>
         <size>0x6c</size>
         <input_file_ref idref="fl-1b"/>
      </object_component>
      <object_component id="oc-354">
         <name>.const:g_sXTALtoMEMTIM</name>
         <load_address>0xc0cc</load_address>
         <run_address>0xc0cc</run_address>
         <size>0x30</size>
         <input_file_ref idref="fl-1b"/>
      </object_component>
      <object_component id="oc-2b2">
         <name>.const</name>
         <load_address>0xc0fc</load_address>
         <run_address>0xc0fc</run_address>
         <size>0x8</size>
         <input_file_ref idref="fl-1b"/>
      </object_component>
      <object_component id="oc-3d5">
         <name>.cinit..data.load</name>
         <load_address>0xc108</load_address>
         <run_address>0xc108</run_address>
         <size>0x39</size>
      </object_component>
      <object_component id="oc-3d2">
         <name>__TI_handler_table</name>
         <load_address>0xc144</load_address>
         <run_address>0xc144</run_address>
         <size>0xc</size>
      </object_component>
      <object_component id="oc-3d6">
         <name>.cinit..bss.load</name>
         <load_address>0xc150</load_address>
         <run_address>0xc150</run_address>
         <size>0x8</size>
      </object_component>
      <object_component id="oc-3d4">
         <name>.cinit..vtable.load</name>
         <load_address>0xc158</load_address>
         <run_address>0xc158</run_address>
         <size>0x8</size>
      </object_component>
      <object_component id="oc-3d3">
         <name>__TI_cinit_table</name>
         <load_address>0xc160</load_address>
         <run_address>0xc160</run_address>
         <size>0x18</size>
      </object_component>
      <object_component id="oc-350">
         <name>.vtable</name>
         <uninitialized>true</uninitialized>
         <run_address>0x20000000</run_address>
         <size>0x26c</size>
         <input_file_ref idref="fl-1a"/>
      </object_component>
      <object_component id="oc-94">
         <name>.data</name>
         <load_address>0x200009d4</load_address>
         <run_address>0x200009d4</run_address>
         <size>0x4</size>
         <input_file_ref idref="fl-3"/>
      </object_component>
      <object_component id="oc-1df">
         <name>.data</name>
         <load_address>0x200009dc</load_address>
         <run_address>0x200009dc</run_address>
         <size>0x2</size>
         <input_file_ref idref="fl-7"/>
      </object_component>
      <object_component id="oc-f4">
         <name>.data</name>
         <load_address>0x200009e0</load_address>
         <run_address>0x200009e0</run_address>
         <size>0x1</size>
         <input_file_ref idref="fl-c"/>
      </object_component>
      <object_component id="oc-206">
         <name>.data</name>
         <load_address>0x200009de</load_address>
         <run_address>0x200009de</run_address>
         <size>0x2</size>
         <input_file_ref idref="fl-10"/>
      </object_component>
      <object_component id="oc-326">
         <name>.data:SystemModule</name>
         <load_address>0x20000998</load_address>
         <run_address>0x20000998</run_address>
         <size>0x28</size>
         <input_file_ref idref="fl-12"/>
      </object_component>
      <object_component id="oc-12d">
         <name>.data:$O1$$</name>
         <load_address>0x200009c0</load_address>
         <run_address>0x200009c0</run_address>
         <size>0xc</size>
         <input_file_ref idref="fl-e6"/>
      </object_component>
      <object_component id="oc-130">
         <name>.data:$O1$$</name>
         <load_address>0x200009cc</load_address>
         <run_address>0x200009cc</run_address>
         <size>0x8</size>
         <input_file_ref idref="fl-e7"/>
      </object_component>
      <object_component id="oc-378">
         <name>.data</name>
         <load_address>0x200009d8</load_address>
         <run_address>0x200009d8</run_address>
         <size>0x4</size>
         <input_file_ref idref="fl-f8"/>
      </object_component>
      <object_component id="oc-27e">
         <name>.bss</name>
         <uninitialized>true</uninitialized>
         <run_address>0x20000970</run_address>
         <size>0xd</size>
         <input_file_ref idref="fl-6"/>
      </object_component>
      <object_component id="oc-207">
         <name>.bss</name>
         <uninitialized>true</uninitialized>
         <run_address>0x2000097d</run_address>
         <size>0x4</size>
         <input_file_ref idref="fl-10"/>
      </object_component>
      <object_component id="oc-208">
         <name>.bss:data_buff$5</name>
         <uninitialized>true</uninitialized>
         <run_address>0x20000670</run_address>
         <size>0x100</size>
         <input_file_ref idref="fl-10"/>
      </object_component>
      <object_component id="oc-9a">
         <name>.common:flgICDI</name>
         <uninitialized>true</uninitialized>
         <run_address>0x20000982</run_address>
         <size>0x1</size>
      </object_component>
      <object_component id="oc-97">
         <name>.common:buff</name>
         <uninitialized>true</uninitialized>
         <run_address>0x20000770</run_address>
         <size>0x100</size>
      </object_component>
      <object_component id="oc-f5">
         <name>.common:readBtn</name>
         <uninitialized>true</uninitialized>
         <run_address>0x20000983</run_address>
         <size>0x1</size>
      </object_component>
      <object_component id="oc-186">
         <name>.common:ESP_MODULE</name>
         <uninitialized>true</uninitialized>
         <run_address>0x20000984</run_address>
         <size>0x4</size>
      </object_component>
      <object_component id="oc-189">
         <name>.common:ESP_PORT</name>
         <uninitialized>true</uninitialized>
         <run_address>0x20000990</run_address>
         <size>0x4</size>
      </object_component>
      <object_component id="oc-18a">
         <name>.common:ESP_PIN_RST</name>
         <uninitialized>true</uninitialized>
         <run_address>0x2000098c</run_address>
         <size>0x4</size>
      </object_component>
      <object_component id="oc-18b">
         <name>.common:ESP_PIN_EN</name>
         <uninitialized>true</uninitialized>
         <run_address>0x20000988</run_address>
         <size>0x4</size>
      </object_component>
      <object_component id="oc-f2">
         <name>.common:sRegState</name>
         <uninitialized>true</uninitialized>
         <run_address>0x20000994</run_address>
         <size>0x4</size>
      </object_component>
      <object_component id="oc-df">
         <name>.common:buffCount</name>
         <uninitialized>true</uninitialized>
         <run_address>0x20000981</run_address>
         <size>0x1</size>
      </object_component>
      <object_component id="oc-dc">
         <name>.common:wifiBuff</name>
         <uninitialized>true</uninitialized>
         <run_address>0x20000870</run_address>
         <size>0x100</size>
      </object_component>
      <object_component id="oc-2b">
         <name>.stack</name>
         <uninitialized>true</uninitialized>
         <run_address>0x20000270</run_address>
         <size>0x4</size>
         <input_file_ref idref="fl-e0"/>
      </object_component>
      <object_component id="oc-3d7">
         <name>.stack</name>
         <uninitialized>true</uninitialized>
         <run_address>0x20000270</run_address>
         <size>0x0</size>
      </object_component>
      <object_component id="oc-2b6">
         <name>.debug_info</name>
         <load_address>0x0</load_address>
         <run_address>0x0</run_address>
         <size>0x337</size>
         <input_file_ref idref="fl-2"/>
      </object_component>
      <object_component id="oc-126">
         <name>.debug_info</name>
         <load_address>0x337</load_address>
         <run_address>0x337</run_address>
         <size>0x15f</size>
         <input_file_ref idref="fl-2"/>
      </object_component>
      <object_component id="oc-3ac">
         <name>.debug_info</name>
         <load_address>0x496</load_address>
         <run_address>0x496</run_address>
         <size>0xa2</size>
         <input_file_ref idref="fl-2"/>
      </object_component>
      <object_component id="oc-20a">
         <name>.debug_info</name>
         <load_address>0x538</load_address>
         <run_address>0x538</run_address>
         <size>0x87</size>
         <input_file_ref idref="fl-2"/>
      </object_component>
      <object_component id="oc-f9">
         <name>.debug_info</name>
         <load_address>0x5bf</load_address>
         <run_address>0x5bf</run_address>
         <size>0xcf</size>
         <input_file_ref idref="fl-2"/>
      </object_component>
      <object_component id="oc-1f2">
         <name>.debug_info</name>
         <load_address>0x68e</load_address>
         <run_address>0x68e</run_address>
         <size>0xc8</size>
         <input_file_ref idref="fl-2"/>
      </object_component>
      <object_component id="oc-9c">
         <name>.debug_info</name>
         <load_address>0x756</load_address>
         <run_address>0x756</run_address>
         <size>0x8b</size>
         <input_file_ref idref="fl-2"/>
      </object_component>
      <object_component id="oc-a1">
         <name>.debug_info</name>
         <load_address>0x7e1</load_address>
         <run_address>0x7e1</run_address>
         <size>0x18b</size>
         <input_file_ref idref="fl-2"/>
      </object_component>
      <object_component id="oc-1ff">
         <name>.debug_info</name>
         <load_address>0x96c</load_address>
         <run_address>0x96c</run_address>
         <size>0x4e</size>
         <input_file_ref idref="fl-2"/>
      </object_component>
      <object_component id="oc-95">
         <name>.debug_info</name>
         <load_address>0x9ba</load_address>
         <run_address>0x9ba</run_address>
         <size>0x152</size>
         <input_file_ref idref="fl-3"/>
      </object_component>
      <object_component id="oc-d7">
         <name>.debug_info</name>
         <load_address>0xb0c</load_address>
         <run_address>0xb0c</run_address>
         <size>0xb88</size>
         <input_file_ref idref="fl-3"/>
      </object_component>
      <object_component id="oc-4f">
         <name>.debug_info</name>
         <load_address>0x1694</load_address>
         <run_address>0x1694</run_address>
         <size>0x84</size>
         <input_file_ref idref="fl-3"/>
      </object_component>
      <object_component id="oc-1c6">
         <name>.debug_info</name>
         <load_address>0x1718</load_address>
         <run_address>0x1718</run_address>
         <size>0x536</size>
         <input_file_ref idref="fl-4"/>
      </object_component>
      <object_component id="oc-cb">
         <name>.debug_info</name>
         <load_address>0x1c4e</load_address>
         <run_address>0x1c4e</run_address>
         <size>0x1670</size>
         <input_file_ref idref="fl-4"/>
      </object_component>
      <object_component id="oc-282">
         <name>.debug_info</name>
         <load_address>0x32be</load_address>
         <run_address>0x32be</run_address>
         <size>0x3af</size>
         <input_file_ref idref="fl-6"/>
      </object_component>
      <object_component id="oc-27f">
         <name>.debug_info</name>
         <load_address>0x366d</load_address>
         <run_address>0x366d</run_address>
         <size>0x1e4</size>
         <input_file_ref idref="fl-6"/>
      </object_component>
      <object_component id="oc-194">
         <name>.debug_info</name>
         <load_address>0x3851</load_address>
         <run_address>0x3851</run_address>
         <size>0x14e5</size>
         <input_file_ref idref="fl-6"/>
      </object_component>
      <object_component id="oc-1e0">
         <name>.debug_info</name>
         <load_address>0x4d36</load_address>
         <run_address>0x4d36</run_address>
         <size>0x18f</size>
         <input_file_ref idref="fl-7"/>
      </object_component>
      <object_component id="oc-d1">
         <name>.debug_info</name>
         <load_address>0x4ec5</load_address>
         <run_address>0x4ec5</run_address>
         <size>0x10b2</size>
         <input_file_ref idref="fl-7"/>
      </object_component>
      <object_component id="oc-173">
         <name>.debug_info</name>
         <load_address>0x5f77</load_address>
         <run_address>0x5f77</run_address>
         <size>0x5f4</size>
         <input_file_ref idref="fl-8"/>
      </object_component>
      <object_component id="oc-89">
         <name>.debug_info</name>
         <load_address>0x656b</load_address>
         <run_address>0x656b</run_address>
         <size>0x15a4</size>
         <input_file_ref idref="fl-8"/>
      </object_component>
      <object_component id="oc-22a">
         <name>.debug_info</name>
         <load_address>0x7b0f</load_address>
         <run_address>0x7b0f</run_address>
         <size>0x344</size>
         <input_file_ref idref="fl-a"/>
      </object_component>
      <object_component id="oc-98">
         <name>.debug_info</name>
         <load_address>0x7e53</load_address>
         <run_address>0x7e53</run_address>
         <size>0x45c</size>
         <input_file_ref idref="fl-b"/>
      </object_component>
      <object_component id="oc-35">
         <name>.debug_info</name>
         <load_address>0x82af</load_address>
         <run_address>0x82af</run_address>
         <size>0x440</size>
         <input_file_ref idref="fl-b"/>
      </object_component>
      <object_component id="oc-f6">
         <name>.debug_info</name>
         <load_address>0x86ef</load_address>
         <run_address>0x86ef</run_address>
         <size>0x4ad</size>
         <input_file_ref idref="fl-c"/>
      </object_component>
      <object_component id="oc-41">
         <name>.debug_info</name>
         <load_address>0x8b9c</load_address>
         <run_address>0x8b9c</run_address>
         <size>0x429</size>
         <input_file_ref idref="fl-c"/>
      </object_component>
      <object_component id="oc-19a">
         <name>.debug_info</name>
         <load_address>0x8fc5</load_address>
         <run_address>0x8fc5</run_address>
         <size>0x3b1</size>
         <input_file_ref idref="fl-d"/>
      </object_component>
      <object_component id="oc-c5">
         <name>.debug_info</name>
         <load_address>0x9376</load_address>
         <run_address>0x9376</run_address>
         <size>0x4d3</size>
         <input_file_ref idref="fl-d"/>
      </object_component>
      <object_component id="oc-187">
         <name>.debug_info</name>
         <load_address>0x9849</load_address>
         <run_address>0x9849</run_address>
         <size>0x4a3</size>
         <input_file_ref idref="fl-f"/>
      </object_component>
      <object_component id="oc-a7">
         <name>.debug_info</name>
         <load_address>0x9cec</load_address>
         <run_address>0x9cec</run_address>
         <size>0xabb</size>
         <input_file_ref idref="fl-f"/>
      </object_component>
      <object_component id="oc-10f">
         <name>.debug_info</name>
         <load_address>0xa7a7</load_address>
         <run_address>0xa7a7</run_address>
         <size>0x2c</size>
         <input_file_ref idref="fl-f"/>
      </object_component>
      <object_component id="oc-20f">
         <name>.debug_info</name>
         <load_address>0xa7d3</load_address>
         <run_address>0xa7d3</run_address>
         <size>0x2b2</size>
         <input_file_ref idref="fl-10"/>
      </object_component>
      <object_component id="oc-ed">
         <name>.debug_info</name>
         <load_address>0xaa85</load_address>
         <run_address>0xaa85</run_address>
         <size>0x40a</size>
         <input_file_ref idref="fl-10"/>
      </object_component>
      <object_component id="oc-dd">
         <name>.debug_info</name>
         <load_address>0xae8f</load_address>
         <run_address>0xae8f</run_address>
         <size>0x8df</size>
         <input_file_ref idref="fl-11"/>
      </object_component>
      <object_component id="oc-3b">
         <name>.debug_info</name>
         <load_address>0xb76e</load_address>
         <run_address>0xb76e</run_address>
         <size>0xd42</size>
         <input_file_ref idref="fl-11"/>
      </object_component>
      <object_component id="oc-1ed">
         <name>.debug_info</name>
         <load_address>0xc4b0</load_address>
         <run_address>0xc4b0</run_address>
         <size>0x78</size>
         <input_file_ref idref="fl-11"/>
      </object_component>
      <object_component id="oc-38f">
         <name>.debug_info</name>
         <load_address>0xc528</load_address>
         <run_address>0xc528</run_address>
         <size>0x394</size>
         <input_file_ref idref="fl-12"/>
      </object_component>
      <object_component id="oc-327">
         <name>.debug_info</name>
         <load_address>0xc8bc</load_address>
         <run_address>0xc8bc</run_address>
         <size>0x115</size>
         <input_file_ref idref="fl-12"/>
      </object_component>
      <object_component id="oc-224">
         <name>.debug_info</name>
         <load_address>0xc9d1</load_address>
         <run_address>0xc9d1</run_address>
         <size>0x185</size>
         <input_file_ref idref="fl-12"/>
      </object_component>
      <object_component id="oc-48">
         <name>.debug_info</name>
         <load_address>0xcb56</load_address>
         <run_address>0xcb56</run_address>
         <size>0x3c7</size>
         <input_file_ref idref="fl-13"/>
      </object_component>
      <object_component id="oc-10">
         <name>.debug_info</name>
         <load_address>0xcf1d</load_address>
         <run_address>0xcf1d</run_address>
         <size>0x128</size>
         <input_file_ref idref="fl-13"/>
      </object_component>
      <object_component id="oc-2f">
         <name>.debug_info</name>
         <load_address>0xd045</load_address>
         <run_address>0xd045</run_address>
         <size>0x324</size>
         <input_file_ref idref="fl-13"/>
      </object_component>
      <object_component id="oc-249">
         <name>.debug_info</name>
         <load_address>0xd369</load_address>
         <run_address>0xd369</run_address>
         <size>0x240</size>
         <input_file_ref idref="fl-19"/>
      </object_component>
      <object_component id="oc-34a">
         <name>.debug_info</name>
         <load_address>0xd5a9</load_address>
         <run_address>0xd5a9</run_address>
         <size>0x167</size>
         <input_file_ref idref="fl-19"/>
      </object_component>
      <object_component id="oc-34d">
         <name>.debug_info</name>
         <load_address>0xd710</load_address>
         <run_address>0xd710</run_address>
         <size>0x169</size>
         <input_file_ref idref="fl-19"/>
      </object_component>
      <object_component id="oc-246">
         <name>.debug_info</name>
         <load_address>0xd879</load_address>
         <run_address>0xd879</run_address>
         <size>0x15b</size>
         <input_file_ref idref="fl-19"/>
      </object_component>
      <object_component id="oc-24b">
         <name>.debug_info</name>
         <load_address>0xd9d4</load_address>
         <run_address>0xd9d4</run_address>
         <size>0x2b3</size>
         <input_file_ref idref="fl-19"/>
      </object_component>
      <object_component id="oc-1a8">
         <name>.debug_info</name>
         <load_address>0xdc87</load_address>
         <run_address>0xdc87</run_address>
         <size>0x316</size>
         <input_file_ref idref="fl-19"/>
      </object_component>
      <object_component id="oc-13d">
         <name>.debug_info</name>
         <load_address>0xdf9d</load_address>
         <run_address>0xdf9d</run_address>
         <size>0x27b</size>
         <input_file_ref idref="fl-19"/>
      </object_component>
      <object_component id="oc-19c">
         <name>.debug_info</name>
         <load_address>0xe218</load_address>
         <run_address>0xe218</run_address>
         <size>0x2b7</size>
         <input_file_ref idref="fl-19"/>
      </object_component>
      <object_component id="oc-1a2">
         <name>.debug_info</name>
         <load_address>0xe4cf</load_address>
         <run_address>0xe4cf</run_address>
         <size>0x285</size>
         <input_file_ref idref="fl-19"/>
      </object_component>
      <object_component id="oc-137">
         <name>.debug_info</name>
         <load_address>0xe754</load_address>
         <run_address>0xe754</run_address>
         <size>0x280</size>
         <input_file_ref idref="fl-19"/>
      </object_component>
      <object_component id="oc-28a">
         <name>.debug_info</name>
         <load_address>0xe9d4</load_address>
         <run_address>0xe9d4</run_address>
         <size>0x298</size>
         <input_file_ref idref="fl-19"/>
      </object_component>
      <object_component id="oc-1ae">
         <name>.debug_info</name>
         <load_address>0xec6c</load_address>
         <run_address>0xec6c</run_address>
         <size>0x2bb</size>
         <input_file_ref idref="fl-19"/>
      </object_component>
      <object_component id="oc-1b4">
         <name>.debug_info</name>
         <load_address>0xef27</load_address>
         <run_address>0xef27</run_address>
         <size>0x2cf</size>
         <input_file_ref idref="fl-19"/>
      </object_component>
      <object_component id="oc-1ba">
         <name>.debug_info</name>
         <load_address>0xf1f6</load_address>
         <run_address>0xf1f6</run_address>
         <size>0x28f</size>
         <input_file_ref idref="fl-19"/>
      </object_component>
      <object_component id="oc-1c0">
         <name>.debug_info</name>
         <load_address>0xf485</load_address>
         <run_address>0xf485</run_address>
         <size>0x28d</size>
         <input_file_ref idref="fl-19"/>
      </object_component>
      <object_component id="oc-269">
         <name>.debug_info</name>
         <load_address>0xf712</load_address>
         <run_address>0xf712</run_address>
         <size>0x20e</size>
         <input_file_ref idref="fl-1a"/>
      </object_component>
      <object_component id="oc-266">
         <name>.debug_info</name>
         <load_address>0xf920</load_address>
         <run_address>0xf920</run_address>
         <size>0x210</size>
         <input_file_ref idref="fl-1a"/>
      </object_component>
      <object_component id="oc-351">
         <name>.debug_info</name>
         <load_address>0xfb30</load_address>
         <run_address>0xfb30</run_address>
         <size>0x157</size>
         <input_file_ref idref="fl-1a"/>
      </object_component>
      <object_component id="oc-292">
         <name>.debug_info</name>
         <load_address>0xfc87</load_address>
         <run_address>0xfc87</run_address>
         <size>0x2c1</size>
         <input_file_ref idref="fl-1a"/>
      </object_component>
      <object_component id="oc-14c">
         <name>.debug_info</name>
         <load_address>0xff48</load_address>
         <run_address>0xff48</run_address>
         <size>0x23e</size>
         <input_file_ref idref="fl-1a"/>
      </object_component>
      <object_component id="oc-152">
         <name>.debug_info</name>
         <load_address>0x10186</load_address>
         <run_address>0x10186</run_address>
         <size>0x268</size>
         <input_file_ref idref="fl-1a"/>
      </object_component>
      <object_component id="oc-26c">
         <name>.debug_info</name>
         <load_address>0x103ee</load_address>
         <run_address>0x103ee</run_address>
         <size>0x298</size>
         <input_file_ref idref="fl-1b"/>
      </object_component>
      <object_component id="oc-2ad">
         <name>.debug_info</name>
         <load_address>0x10686</load_address>
         <run_address>0x10686</run_address>
         <size>0x14d</size>
         <input_file_ref idref="fl-1b"/>
      </object_component>
      <object_component id="oc-2b0">
         <name>.debug_info</name>
         <load_address>0x107d3</load_address>
         <run_address>0x107d3</run_address>
         <size>0x159</size>
         <input_file_ref idref="fl-1b"/>
      </object_component>
      <object_component id="oc-355">
         <name>.debug_info</name>
         <load_address>0x1092c</load_address>
         <run_address>0x1092c</run_address>
         <size>0x153</size>
         <input_file_ref idref="fl-1b"/>
      </object_component>
      <object_component id="oc-2b3">
         <name>.debug_info</name>
         <load_address>0x10a7f</load_address>
         <run_address>0x10a7f</run_address>
         <size>0x160</size>
         <input_file_ref idref="fl-1b"/>
      </object_component>
      <object_component id="oc-161">
         <name>.debug_info</name>
         <load_address>0x10bdf</load_address>
         <run_address>0x10bdf</run_address>
         <size>0x27f</size>
         <input_file_ref idref="fl-1b"/>
      </object_component>
      <object_component id="oc-15b">
         <name>.debug_info</name>
         <load_address>0x10e5e</load_address>
         <run_address>0x10e5e</run_address>
         <size>0x27d</size>
         <input_file_ref idref="fl-1b"/>
      </object_component>
      <object_component id="oc-2a1">
         <name>.debug_info</name>
         <load_address>0x110db</load_address>
         <run_address>0x110db</run_address>
         <size>0x270</size>
         <input_file_ref idref="fl-1b"/>
      </object_component>
      <object_component id="oc-2a7">
         <name>.debug_info</name>
         <load_address>0x1134b</load_address>
         <run_address>0x1134b</run_address>
         <size>0x2ba</size>
         <input_file_ref idref="fl-1b"/>
      </object_component>
      <object_component id="oc-1e4">
         <name>.debug_info</name>
         <load_address>0x11605</load_address>
         <run_address>0x11605</run_address>
         <size>0x49a</size>
         <input_file_ref idref="fl-1b"/>
      </object_component>
      <object_component id="oc-33c">
         <name>.debug_info</name>
         <load_address>0x11a9f</load_address>
         <run_address>0x11a9f</run_address>
         <size>0x5f</size>
         <input_file_ref idref="fl-1b"/>
      </object_component>
      <object_component id="oc-190">
         <name>.debug_info</name>
         <load_address>0x11afe</load_address>
         <run_address>0x11afe</run_address>
         <size>0x223</size>
         <input_file_ref idref="fl-1c"/>
      </object_component>
      <object_component id="oc-1da">
         <name>.debug_info</name>
         <load_address>0x11d21</load_address>
         <run_address>0x11d21</run_address>
         <size>0x28a</size>
         <input_file_ref idref="fl-1c"/>
      </object_component>
      <object_component id="oc-b3">
         <name>.debug_info</name>
         <load_address>0x11fab</load_address>
         <run_address>0x11fab</run_address>
         <size>0x2ba</size>
         <input_file_ref idref="fl-1c"/>
      </object_component>
      <object_component id="oc-1d4">
         <name>.debug_info</name>
         <load_address>0x12265</load_address>
         <run_address>0x12265</run_address>
         <size>0x294</size>
         <input_file_ref idref="fl-1c"/>
      </object_component>
      <object_component id="oc-1c8">
         <name>.debug_info</name>
         <load_address>0x124f9</load_address>
         <run_address>0x124f9</run_address>
         <size>0x292</size>
         <input_file_ref idref="fl-1c"/>
      </object_component>
      <object_component id="oc-b9">
         <name>.debug_info</name>
         <load_address>0x1278b</load_address>
         <run_address>0x1278b</run_address>
         <size>0x27f</size>
         <input_file_ref idref="fl-1c"/>
      </object_component>
      <object_component id="oc-bf">
         <name>.debug_info</name>
         <load_address>0x12a0a</load_address>
         <run_address>0x12a0a</run_address>
         <size>0x281</size>
         <input_file_ref idref="fl-1c"/>
      </object_component>
      <object_component id="oc-1ce">
         <name>.debug_info</name>
         <load_address>0x12c8b</load_address>
         <run_address>0x12c8b</run_address>
         <size>0x28c</size>
         <input_file_ref idref="fl-1c"/>
      </object_component>
      <object_component id="oc-175">
         <name>.debug_info</name>
         <load_address>0x12f17</load_address>
         <run_address>0x12f17</run_address>
         <size>0x227</size>
         <input_file_ref idref="fl-1d"/>
      </object_component>
      <object_component id="oc-16d">
         <name>.debug_info</name>
         <load_address>0x1313e</load_address>
         <run_address>0x1313e</run_address>
         <size>0x27f</size>
         <input_file_ref idref="fl-1d"/>
      </object_component>
      <object_component id="oc-155">
         <name>.debug_info</name>
         <load_address>0x133bd</load_address>
         <run_address>0x133bd</run_address>
         <size>0x28f</size>
         <input_file_ref idref="fl-1d"/>
      </object_component>
      <object_component id="oc-8f">
         <name>.debug_info</name>
         <load_address>0x1364c</load_address>
         <run_address>0x1364c</run_address>
         <size>0x28d</size>
         <input_file_ref idref="fl-1d"/>
      </object_component>
      <object_component id="oc-258">
         <name>.debug_info</name>
         <load_address>0x138d9</load_address>
         <run_address>0x138d9</run_address>
         <size>0x247</size>
         <input_file_ref idref="fl-1d"/>
      </object_component>
      <object_component id="oc-252">
         <name>.debug_info</name>
         <load_address>0x13b20</load_address>
         <run_address>0x13b20</run_address>
         <size>0x249</size>
         <input_file_ref idref="fl-1d"/>
      </object_component>
      <object_component id="oc-143">
         <name>.debug_info</name>
         <load_address>0x13d69</load_address>
         <run_address>0x13d69</run_address>
         <size>0x326</size>
         <input_file_ref idref="fl-1d"/>
      </object_component>
      <object_component id="oc-167">
         <name>.debug_info</name>
         <load_address>0x1408f</load_address>
         <run_address>0x1408f</run_address>
         <size>0x24d</size>
         <input_file_ref idref="fl-1d"/>
      </object_component>
      <object_component id="oc-25f">
         <name>.debug_info</name>
         <load_address>0x142dc</load_address>
         <run_address>0x142dc</run_address>
         <size>0x212</size>
         <input_file_ref idref="fl-1e"/>
      </object_component>
      <object_component id="oc-61">
         <name>.debug_info</name>
         <load_address>0x144ee</load_address>
         <run_address>0x144ee</run_address>
         <size>0x13f</size>
         <input_file_ref idref="fl-d5"/>
      </object_component>
      <object_component id="oc-6b">
         <name>.debug_info</name>
         <load_address>0x1462d</load_address>
         <run_address>0x1462d</run_address>
         <size>0x2c9</size>
         <input_file_ref idref="fl-d7"/>
      </object_component>
      <object_component id="oc-1f">
         <name>.debug_info</name>
         <load_address>0x148f6</load_address>
         <run_address>0x148f6</run_address>
         <size>0x1aa</size>
         <input_file_ref idref="fl-d7"/>
      </object_component>
      <object_component id="oc-66">
         <name>.debug_info</name>
         <load_address>0x14aa0</load_address>
         <run_address>0x14aa0</run_address>
         <size>0x46</size>
         <input_file_ref idref="fl-d7"/>
      </object_component>
      <object_component id="oc-5f">
         <name>.debug_info</name>
         <load_address>0x14ae6</load_address>
         <run_address>0x14ae6</run_address>
         <size>0x2e4</size>
         <input_file_ref idref="fl-d8"/>
      </object_component>
      <object_component id="oc-19">
         <name>.debug_info</name>
         <load_address>0x14dca</load_address>
         <run_address>0x14dca</run_address>
         <size>0x1df</size>
         <input_file_ref idref="fl-d8"/>
      </object_component>
      <object_component id="oc-5a">
         <name>.debug_info</name>
         <load_address>0x14fa9</load_address>
         <run_address>0x14fa9</run_address>
         <size>0x46</size>
         <input_file_ref idref="fl-d8"/>
      </object_component>
      <object_component id="oc-107">
         <name>.debug_info</name>
         <load_address>0x14fef</load_address>
         <run_address>0x14fef</run_address>
         <size>0x2c</size>
         <input_file_ref idref="fl-d8"/>
      </object_component>
      <object_component id="oc-105">
         <name>.debug_info</name>
         <load_address>0x1501b</load_address>
         <run_address>0x1501b</run_address>
         <size>0x293</size>
         <input_file_ref idref="fl-d9"/>
      </object_component>
      <object_component id="oc-13">
         <name>.debug_info</name>
         <load_address>0x152ae</load_address>
         <run_address>0x152ae</run_address>
         <size>0x245</size>
         <input_file_ref idref="fl-d9"/>
      </object_component>
      <object_component id="oc-4a">
         <name>.debug_info</name>
         <load_address>0x154f3</load_address>
         <run_address>0x154f3</run_address>
         <size>0x60</size>
         <input_file_ref idref="fl-d9"/>
      </object_component>
      <object_component id="oc-100">
         <name>.debug_info</name>
         <load_address>0x15553</load_address>
         <run_address>0x15553</run_address>
         <size>0x46</size>
         <input_file_ref idref="fl-d9"/>
      </object_component>
      <object_component id="oc-1fe">
         <name>.debug_info</name>
         <load_address>0x15599</load_address>
         <run_address>0x15599</run_address>
         <size>0x364</size>
         <input_file_ref idref="fl-da"/>
      </object_component>
      <object_component id="oc-e1">
         <name>.debug_info</name>
         <load_address>0x158fd</load_address>
         <run_address>0x158fd</run_address>
         <size>0x2e4</size>
         <input_file_ref idref="fl-da"/>
      </object_component>
      <object_component id="oc-30f">
         <name>.debug_info</name>
         <load_address>0x15be1</load_address>
         <run_address>0x15be1</run_address>
         <size>0x2c</size>
         <input_file_ref idref="fl-da"/>
      </object_component>
      <object_component id="oc-277">
         <name>.debug_info</name>
         <load_address>0x15c0d</load_address>
         <run_address>0x15c0d</run_address>
         <size>0x299</size>
         <input_file_ref idref="fl-db"/>
      </object_component>
      <object_component id="oc-181">
         <name>.debug_info</name>
         <load_address>0x15ea6</load_address>
         <run_address>0x15ea6</run_address>
         <size>0x249</size>
         <input_file_ref idref="fl-db"/>
      </object_component>
      <object_component id="oc-275">
         <name>.debug_info</name>
         <load_address>0x160ef</load_address>
         <run_address>0x160ef</run_address>
         <size>0x299</size>
         <input_file_ref idref="fl-dc"/>
      </object_component>
      <object_component id="oc-17b">
         <name>.debug_info</name>
         <load_address>0x16388</load_address>
         <run_address>0x16388</run_address>
         <size>0x231</size>
         <input_file_ref idref="fl-dc"/>
      </object_component>
      <object_component id="oc-205">
         <name>.debug_info</name>
         <load_address>0x165b9</load_address>
         <run_address>0x165b9</run_address>
         <size>0x284</size>
         <input_file_ref idref="fl-dd"/>
      </object_component>
      <object_component id="oc-e7">
         <name>.debug_info</name>
         <load_address>0x1683d</load_address>
         <run_address>0x1683d</run_address>
         <size>0x22a</size>
         <input_file_ref idref="fl-dd"/>
      </object_component>
      <object_component id="oc-18e">
         <name>.debug_info</name>
         <load_address>0x16a67</load_address>
         <run_address>0x16a67</run_address>
         <size>0x28a</size>
         <input_file_ref idref="fl-df"/>
      </object_component>
      <object_component id="oc-ad">
         <name>.debug_info</name>
         <load_address>0x16cf1</load_address>
         <run_address>0x16cf1</run_address>
         <size>0x1c6</size>
         <input_file_ref idref="fl-df"/>
      </object_component>
      <object_component id="oc-2c">
         <name>.debug_info</name>
         <load_address>0x16eb7</load_address>
         <run_address>0x16eb7</run_address>
         <size>0x100</size>
         <input_file_ref idref="fl-e0"/>
      </object_component>
      <object_component id="oc-25">
         <name>.debug_info</name>
         <load_address>0x16fb7</load_address>
         <run_address>0x16fb7</run_address>
         <size>0x196</size>
         <input_file_ref idref="fl-e0"/>
      </object_component>
      <object_component id="oc-55">
         <name>.debug_info</name>
         <load_address>0x1714d</load_address>
         <run_address>0x1714d</run_address>
         <size>0x111</size>
         <input_file_ref idref="fl-e1"/>
      </object_component>
      <object_component id="oc-124">
         <name>.debug_info</name>
         <load_address>0x1725e</load_address>
         <run_address>0x1725e</run_address>
         <size>0x483</size>
         <input_file_ref idref="fl-e2"/>
      </object_component>
      <object_component id="oc-73">
         <name>.debug_info</name>
         <load_address>0x176e1</load_address>
         <run_address>0x176e1</run_address>
         <size>0x190</size>
         <input_file_ref idref="fl-e2"/>
      </object_component>
      <object_component id="oc-219">
         <name>.debug_info</name>
         <load_address>0x17871</load_address>
         <run_address>0x17871</run_address>
         <size>0x39</size>
         <input_file_ref idref="fl-e2"/>
      </object_component>
      <object_component id="oc-321">
         <name>.debug_info</name>
         <load_address>0x178aa</load_address>
         <run_address>0x178aa</run_address>
         <size>0x39</size>
         <input_file_ref idref="fl-e2"/>
      </object_component>
      <object_component id="oc-21e">
         <name>.debug_info</name>
         <load_address>0x178e3</load_address>
         <run_address>0x178e3</run_address>
         <size>0xcd</size>
         <input_file_ref idref="fl-e2"/>
      </object_component>
      <object_component id="oc-6d">
         <name>.debug_info</name>
         <load_address>0x179b0</load_address>
         <run_address>0x179b0</run_address>
         <size>0x148</size>
         <input_file_ref idref="fl-e3"/>
      </object_component>
      <object_component id="oc-11e">
         <name>.debug_info</name>
         <load_address>0x17af8</load_address>
         <run_address>0x17af8</run_address>
         <size>0x145</size>
         <input_file_ref idref="fl-e4"/>
      </object_component>
      <object_component id="oc-215">
         <name>.debug_info</name>
         <load_address>0x17c3d</load_address>
         <run_address>0x17c3d</run_address>
         <size>0x384</size>
         <input_file_ref idref="fl-e5"/>
      </object_component>
      <object_component id="oc-118">
         <name>.debug_info</name>
         <load_address>0x17fc1</load_address>
         <run_address>0x17fc1</run_address>
         <size>0x183</size>
         <input_file_ref idref="fl-e5"/>
      </object_component>
      <object_component id="oc-31c">
         <name>.debug_info</name>
         <load_address>0x18144</load_address>
         <run_address>0x18144</run_address>
         <size>0x2c</size>
         <input_file_ref idref="fl-e5"/>
      </object_component>
      <object_component id="oc-134">
         <name>.debug_info</name>
         <load_address>0x18170</load_address>
         <run_address>0x18170</run_address>
         <size>0x3ce</size>
         <input_file_ref idref="fl-e6"/>
      </object_component>
      <object_component id="oc-12e">
         <name>.debug_info</name>
         <load_address>0x1853e</load_address>
         <run_address>0x1853e</run_address>
         <size>0x185</size>
         <input_file_ref idref="fl-e6"/>
      </object_component>
      <object_component id="oc-7f">
         <name>.debug_info</name>
         <load_address>0x186c3</load_address>
         <run_address>0x186c3</run_address>
         <size>0x214</size>
         <input_file_ref idref="fl-e6"/>
      </object_component>
      <object_component id="oc-241">
         <name>.debug_info</name>
         <load_address>0x188d7</load_address>
         <run_address>0x188d7</run_address>
         <size>0x2be</size>
         <input_file_ref idref="fl-e7"/>
      </object_component>
      <object_component id="oc-131">
         <name>.debug_info</name>
         <load_address>0x18b95</load_address>
         <run_address>0x18b95</run_address>
         <size>0x113</size>
         <input_file_ref idref="fl-e7"/>
      </object_component>
      <object_component id="oc-23a">
         <name>.debug_info</name>
         <load_address>0x18ca8</load_address>
         <run_address>0x18ca8</run_address>
         <size>0x21f</size>
         <input_file_ref idref="fl-e7"/>
      </object_component>
      <object_component id="oc-304">
         <name>.debug_info</name>
         <load_address>0x18ec7</load_address>
         <run_address>0x18ec7</run_address>
         <size>0x575</size>
         <input_file_ref idref="fl-e8"/>
      </object_component>
      <object_component id="oc-1f8">
         <name>.debug_info</name>
         <load_address>0x1943c</load_address>
         <run_address>0x1943c</run_address>
         <size>0x1549</size>
         <input_file_ref idref="fl-e8"/>
[...]
         <value>0x2000098c</value>
      </symbol>
      <symbol id="sm-2fb">
         <name>ESP_PIN_EN</name>
         <value>0x20000988</value>
      </symbol>
      <symbol id="sm-2fc">
         <name>espMakeServer</name>
         <value>0x9d7d</value>
         <object_component_ref idref="oc-a6"/>
      </symbol>
      <symbol id="sm-2fd">
         <name>espGetIP</name>
         <value>0x9dc9</value>
         <object_component_ref idref="oc-a6"/>
      </symbol>
      <symbol id="sm-2fe">
         <name>espDisconnectWifi</name>
         <value>0x9d6d</value>
         <object_component_ref idref="oc-a6"/>
      </symbol>
      <symbol id="sm-2ff">
         <name>espSingleConnection</name>
         <value>0x9da9</value>
         <object_component_ref idref="oc-a6"/>
      </symbol>
      <symbol id="sm-300">
         <name>espSetup</name>
         <value>0x9c8d</value>
         <object_component_ref idref="oc-a6"/>
      </symbol>
      <symbol id="sm-301">
         <name>espCheckFirmware</name>
         <value>0x9d13</value>
         <object_component_ref idref="oc-a6"/>
      </symbol>
      <symbol id="sm-302">
         <name>espResetHardware</name>
         <value>0x9cd7</value>
         <object_component_ref idref="oc-a6"/>
      </symbol>
      <symbol id="sm-303">
         <name>espResetSofware</name>
         <value>0x9d03</value>
         <object_component_ref idref="oc-a6"/>
      </symbol>
      <symbol id="sm-304">
         <name>espConnectWifi</name>
         <value>0x9d23</value>
         <object_component_ref idref="oc-a6"/>
      </symbol>
      <symbol id="sm-305">
         <name>espChecStatus</name>
         <value>0x9e1b</value>
         <object_component_ref idref="oc-a6"/>
      </symbol>
      <symbol id="sm-306">
         <name>espDisconnectTCP</name>
         <value>0x9e0b</value>
         <object_component_ref idref="oc-a6"/>
      </symbol>
      <symbol id="sm-307">
         <name>espMultiConnection</name>
         <value>0x9db9</value>
         <object_component_ref idref="oc-a6"/>
      </symbol>
      <symbol id="sm-308">
         <name>espConnectTCP</name>
         <value>0x9dd9</value>
         <object_component_ref idref="oc-a6"/>
      </symbol>
      <symbol id="sm-309">
         <name>espCheckModule</name>
         <value>0x9cc7</value>
         <object_component_ref idref="oc-a6"/>
      </symbol>
      <symbol id="sm-341">
         <name>frameEncode</name>
         <value>0xa04f</value>
         <object_component_ref idref="oc-ec"/>
      </symbol>
      <symbol id="sm-342">
         <name>frameDecode</name>
         <value>0x9efd</value>
         <object_component_ref idref="oc-ec"/>
      </symbol>
      <symbol id="sm-3a6">
         <name>sRegState</name>
         <value>0x20000994</value>
      </symbol>
      <symbol id="sm-3a7">
         <name>buffCount</name>
         <value>0x20000981</value>
      </symbol>
      <symbol id="sm-3a8">
         <name>wifiBuff</name>
         <value>0x20000870</value>
      </symbol>
      <symbol id="sm-3a9">
         <name>wifiSendData</name>
         <value>0x9321</value>
         <object_component_ref idref="oc-3a"/>
      </symbol>
      <symbol id="sm-3aa">
         <name>UART3_Handler</name>
         <value>0x9449</value>
         <object_component_ref idref="oc-3a"/>
      </symbol>
      <symbol id="sm-3ab">
         <name>wifiConnectServer</name>
         <value>0x9279</value>
         <object_component_ref idref="oc-3a"/>
      </symbol>
      <symbol id="sm-3ac">
         <name>wifiSetup</name>
         <value>0x9203</value>
         <object_component_ref idref="oc-3a"/>
      </symbol>
      <symbol id="sm-3ad">
         <name>wifiRecData</name>
         <value>0x93b1</value>
         <object_component_ref idref="oc-3a"/>
      </symbol>
      <symbol id="sm-3ae">
         <name>TIMER0A_Handler</name>
         <value>0x94c9</value>
         <object_component_ref idref="oc-3a"/>
      </symbol>
      <symbol id="sm-3c8">
         <name>SystemModule</name>
         <value>0x20000998</value>
         <object_component_ref idref="oc-326"/>
      </symbol>
      <symbol id="sm-3c9">
         <name>systemSetup</name>
         <value>0xb4e9</value>
         <object_component_ref idref="oc-223"/>
      </symbol>
      <symbol id="sm-3e9">
         <name>ResetISR</name>
         <value>0xb5d1</value>
         <object_component_ref idref="oc-2e"/>
      </symbol>
      <symbol id="sm-3ea">
         <name>g_pfnVectors</name>
         <value>0x0</value>
         <object_component_ref idref="oc-f"/>
      </symbol>
      <symbol id="sm-46b">
         <name>GPIOIntRegister</name>
         <value>0xb957</value>
         <object_component_ref idref="oc-1b3"/>
      </symbol>
      <symbol id="sm-46c">
         <name>GPIOPinConfigure</name>
         <value>0xb61d</value>
         <object_component_ref idref="oc-136"/>
      </symbol>
      <symbol id="sm-46d">
         <name>GPIOIntEnable</name>
         <value>0xbab7</value>
         <object_component_ref idref="oc-1b9"/>
      </symbol>
      <symbol id="sm-46e">
         <name>GPIOIntTypeSet</name>
         <value>0xb3e9</value>
         <object_component_ref idref="oc-1ad"/>
      </symbol>
      <symbol id="sm-46f">
         <name>GPIOPinTypeGPIOInput</name>
         <value>0xba49</value>
         <object_component_ref idref="oc-1a1"/>
      </symbol>
      <symbol id="sm-470">
         <name>GPIOIntClear</name>
         <value>0xbafd</value>
         <object_component_ref idref="oc-1bf"/>
      </symbol>
      <symbol id="sm-471">
         <name>GPIOPinTypeUART</name>
         <value>0xba5b</value>
         <object_component_ref idref="oc-13c"/>
      </symbol>
      <symbol id="sm-472">
         <name>GPIOPinTypeGPIOOutput</name>
         <value>0xb96f</value>
         <object_component_ref idref="oc-19b"/>
      </symbol>
      <symbol id="sm-473">
         <name>GPIODirModeSet</name>
         <value>0xb8b3</value>
         <object_component_ref idref="oc-24a"/>
      </symbol>
      <symbol id="sm-474">
         <name>GPIOPadConfigSet</name>
         <value>0xa9fd</value>
         <object_component_ref idref="oc-1a7"/>
      </symbol>
      <symbol id="sm-4b6">
         <name>IntEnable</name>
         <value>0xb1f5</value>
         <object_component_ref idref="oc-14e"/>
      </symbol>
      <symbol id="sm-4b7">
         <name>IntRegister</name>
         <value>0xb7b9</value>
         <object_component_ref idref="oc-28f"/>
      </symbol>
      <symbol id="sm-4b8">
         <name>g_pfnRAMVectors</name>
         <value>0x20000000</value>
         <object_component_ref idref="oc-350"/>
      </symbol>
      <symbol id="sm-4b9">
         <name>IntMasterEnable</name>
         <value>0xba7f</value>
         <object_component_ref idref="oc-148"/>
      </symbol>
      <symbol id="sm-535">
         <name>SysCtlDelay</name>
         <value>0xbb03</value>
         <object_component_ref idref="oc-1e9"/>
      </symbol>
      <symbol id="sm-536">
         <name>SysCtlPeripheralEnable</name>
         <value>0xb7ed</value>
         <object_component_ref idref="oc-15a"/>
      </symbol>
      <symbol id="sm-537">
         <name>SysCtlPeripheralReady</name>
         <value>0xb781</value>
         <object_component_ref idref="oc-160"/>
      </symbol>
      <symbol id="sm-538">
         <name>SysCtlClockFreqSet</name>
         <value>0xa31d</value>
         <object_component_ref idref="oc-1e3"/>
      </symbol>
      <symbol id="sm-57e">
         <name>TimerLoadSet</name>
         <value>0xba6d</value>
         <object_component_ref idref="oc-b2"/>
      </symbol>
      <symbol id="sm-57f">
         <name>TimerDisable</name>
         <value>0xb989</value>
         <object_component_ref idref="oc-be"/>
      </symbol>
      <symbol id="sm-580">
         <name>TimerEnable</name>
         <value>0xba8f</value>
         <object_component_ref idref="oc-b8"/>
      </symbol>
      <symbol id="sm-581">
         <name>TimerValueGet</name>
         <value>0xbacf</value>
         <object_component_ref idref="oc-1d9"/>
      </symbol>
      <symbol id="sm-582">
         <name>TimerIntEnable</name>
         <value>0xbaed</value>
         <object_component_ref idref="oc-1d3"/>
      </symbol>
      <symbol id="sm-583">
         <name>TimerConfigure</name>
         <value>0xb329</value>
         <object_component_ref idref="oc-1cd"/>
      </symbol>
      <symbol id="sm-584">
         <name>TimerIntClear</name>
         <value>0xbb09</value>
         <object_component_ref idref="oc-1c7"/>
      </symbol>
      <symbol id="sm-5c6">
         <name>UARTConfigSetExpClk</name>
         <value>0xb6f5</value>
         <object_component_ref idref="oc-142"/>
      </symbol>
      <symbol id="sm-5c7">
         <name>UARTDisable</name>
         <value>0xb8dd</value>
         <object_component_ref idref="oc-251"/>
      </symbol>
      <symbol id="sm-5c8">
         <name>UARTIntEnable</name>
         <value>0xbaf5</value>
         <object_component_ref idref="oc-154"/>
      </symbol>
      <symbol id="sm-5c9">
         <name>UARTEnable</name>
         <value>0xb9e5</value>
         <object_component_ref idref="oc-257"/>
      </symbol>
      <symbol id="sm-5ca">
         <name>UARTIntClear</name>
         <value>0xbb0d</value>
         <object_component_ref idref="oc-8e"/>
      </symbol>
      <symbol id="sm-5cb">
         <name>UARTIntStatus</name>
         <value>0xbae3</value>
         <object_component_ref idref="oc-16c"/>
      </symbol>
      <symbol id="sm-5cc">
         <name>UARTCharGet</name>
         <value>0xbad9</value>
         <object_component_ref idref="oc-166"/>
      </symbol>
      <symbol id="sm-5d6">
         <name>CPUcpsie</name>
         <value>0xbaab</value>
         <object_component_ref idref="oc-25e"/>
      </symbol>
      <symbol id="sm-5e6">
         <name>__aeabi_memset</name>
         <value>0xb10b</value>
         <object_component_ref idref="oc-60"/>
      </symbol>
      <symbol id="sm-5e7">
         <name>memset</name>
         <value>0xb111</value>
         <object_component_ref idref="oc-60"/>
      </symbol>
      <symbol id="sm-5e8">
         <name>__aeabi_memset8</name>
         <value>0xb10b</value>
         <object_component_ref idref="oc-60"/>
      </symbol>
      <symbol id="sm-5e9">
         <name>__aeabi_memset4</name>
         <value>0xb10b</value>
         <object_component_ref idref="oc-60"/>
      </symbol>
      <symbol id="sm-5ea">
         <name>__aeabi_memclr8</name>
         <value>0xb109</value>
         <object_component_ref idref="oc-60"/>
      </symbol>
      <symbol id="sm-5eb">
         <name>__aeabi_memclr4</name>
         <value>0xb109</value>
         <object_component_ref idref="oc-60"/>
      </symbol>
      <symbol id="sm-5ec">
         <name>__aeabi_memclr</name>
         <value>0xb109</value>
         <object_component_ref idref="oc-60"/>
      </symbol>
      <symbol id="sm-5ff">
         <name>__TI_zero_init</name>
         <value>0xbac3</value>
         <object_component_ref idref="oc-1e"/>
      </symbol>
      <symbol id="sm-616">
         <name>__TI_decompress_none</name>
         <value>0xba9d</value>
         <object_component_ref idref="oc-18"/>
      </symbol>
      <symbol id="sm-634">
         <name>__TI_decompress_lzss</name>
         <value>0xb25d</value>
         <object_component_ref idref="oc-12"/>
      </symbol>
      <symbol id="sm-64d">
         <name>sprintf</name>
         <value>0xb389</value>
         <object_component_ref idref="oc-e0"/>
      </symbol>
      <symbol id="sm-65d">
         <name>strcat</name>
         <value>0xb91d</value>
         <object_component_ref idref="oc-180"/>
      </symbol>
      <symbol id="sm-66b">
         <name>strcpy</name>
         <value>0xba21</value>
         <object_component_ref idref="oc-17a"/>
      </symbol>
      <symbol id="sm-679">
         <name>strlen</name>
         <value>0xba35</value>
         <object_component_ref idref="oc-e6"/>
      </symbol>
      <symbol id="sm-68d">
         <name>strstr</name>
         <value>0xb821</value>
         <object_component_ref idref="oc-ac"/>
      </symbol>
      <symbol id="sm-6a0">
         <name>_c_int00</name>
         <value>0xb855</value>
         <object_component_ref idref="oc-24"/>
      </symbol>
      <symbol id="sm-6a1">
         <name>__stack</name>
         <value>0x20000270</value>
         <object_component_ref idref="oc-2b"/>
      </symbol>
      <symbol id="sm-6bc">
         <name>memcpy</name>
         <value>0xaed9</value>
         <object_component_ref idref="oc-54"/>
      </symbol>
      <symbol id="sm-6bd">
         <name>__aeabi_memcpy</name>
         <value>0xaed9</value>
         <object_component_ref idref="oc-54"/>
      </symbol>
      <symbol id="sm-6be">
         <name>__aeabi_memcpy8</name>
         <value>0xaed9</value>
         <object_component_ref idref="oc-54"/>
      </symbol>
      <symbol id="sm-6bf">
         <name>__aeabi_memcpy4</name>
         <value>0xaed9</value>
         <object_component_ref idref="oc-54"/>
      </symbol>
      <symbol id="sm-6e9">
         <name>__TI_auto_init</name>
         <value>0xb185</value>
         <object_component_ref idref="oc-72"/>
      </symbol>
      <symbol id="sm-6f3">
         <name>_system_pre_init</name>
         <value>0xbb11</value>
         <object_component_ref idref="oc-6c"/>
      </symbol>
      <symbol id="sm-6fd">
         <name>_system_post_cinit</name>
         <value>0x7353</value>
         <object_component_ref idref="oc-11d"/>
      </symbol>
      <symbol id="sm-717">
         <name>copy_in</name>
         <value>0xb585</value>
         <object_component_ref idref="oc-117"/>
      </symbol>
      <symbol id="sm-738">
         <name>C$$EXIT</name>
         <value>0xb441</value>
         <object_component_ref idref="oc-7e"/>
      </symbol>
      <symbol id="sm-739">
         <name>abort</name>
         <value>0xb445</value>
         <object_component_ref idref="oc-7e"/>
      </symbol>
      <symbol id="sm-73a">
         <name>exit</name>
         <value>0xb44d</value>
         <object_component_ref idref="oc-7e"/>
      </symbol>
      <symbol id="sm-73b">
         <name>__TI_dtors_ptr</name>
         <value>0x200009c4</value>
         <object_component_ref idref="oc-12d"/>
      </symbol>
      <symbol id="sm-73c">
         <name>__TI_cleanup_ptr</name>
         <value>0x200009c0</value>
         <object_component_ref idref="oc-12d"/>
      </symbol>
      <symbol id="sm-73d">
         <name>__TI_enable_exit_profile_output</name>
         <value>0x200009c8</value>
         <object_component_ref idref="oc-12d"/>
      </symbol>
      <symbol id="sm-756">
         <name>_nop</name>
         <value>0xba07</value>
         <object_component_ref idref="oc-239"/>
      </symbol>
      <symbol id="sm-757">
         <name>_lock</name>
         <value>0x200009cc</value>
         <object_component_ref idref="oc-130"/>
      </symbol>
      <symbol id="sm-758">
         <name>_unlock</name>
         <value>0x200009d0</value>
         <object_component_ref idref="oc-130"/>
      </symbol>
      <symbol id="sm-759">
         <name>_register_lock</name>
         <value>0xb9ff</value>
         <object_component_ref idref="oc-239"/>
      </symbol>
      <symbol id="sm-75a">
         <name>_register_unlock</name>
         <value>0xb9f9</value>
         <object_component_ref idref="oc-239"/>
      </symbol>
      <symbol id="sm-85d">
         <name>__TI_printfi</name>
         <value>0x7ba1</value>
         <object_component_ref idref="oc-1f7"/>
      </symbol>
      <symbol id="sm-871">
         <name>_args_main</name>
         <value>0xb9a1</value>
         <object_component_ref idref="oc-78"/>
      </symbol>
      <symbol id="sm-887">
         <name>atoi</name>
         <value>0xb539</value>
         <object_component_ref idref="oc-2f7"/>
      </symbol>
      <symbol id="sm-892">
         <name>_ctypes_</name>
         <value>0xbcc4</value>
         <object_component_ref idref="oc-37f"/>
      </symbol>
      <symbol id="sm-8a1">
         <name>ltoa</name>
         <value>0xb495</value>
         <object_component_ref idref="oc-2d5"/>
      </symbol>
      <symbol id="sm-8b1">
         <name>memccpy</name>
         <value>0xb93b</value>
         <object_component_ref idref="oc-2fd"/>
      </symbol>
      <symbol id="sm-8c1">
         <name>strchr</name>
         <value>0xb9cf</value>
         <object_component_ref idref="oc-2f1"/>
      </symbol>
      <symbol id="sm-8dc">
         <name>frexpl</name>
         <value>0xb2c5</value>
         <object_component_ref idref="oc-2e5"/>
      </symbol>
      <symbol id="sm-8dd">
         <name>frexp</name>
         <value>0xb2c5</value>
         <object_component_ref idref="oc-2e5"/>
      </symbol>
      <symbol id="sm-8fa">
         <name>scalbn</name>
         <value>0xad29</value>
         <object_component_ref idref="oc-2eb"/>
      </symbol>
      <symbol id="sm-8fb">
         <name>scalbnl</name>
         <value>0xad29</value>
         <object_component_ref idref="oc-2eb"/>
      </symbol>
      <symbol id="sm-8fc">
         <name>ldexpl</name>
         <value>0xad29</value>
         <object_component_ref idref="oc-2eb"/>
      </symbol>
      <symbol id="sm-8fd">
         <name>ldexp</name>
         <value>0xad29</value>
         <object_component_ref idref="oc-2eb"/>
      </symbol>
      <symbol id="sm-919">
         <name>__aeabi_uldivmod</name>
         <value>0xa51d</value>
         <object_component_ref idref="oc-2b7"/>
      </symbol>
      <symbol id="sm-930">
         <name>__aeabi_dsub</name>
         <value>0xa711</value>
         <object_component_ref idref="oc-2e0"/>
      </symbol>
      <symbol id="sm-931">
         <name>__aeabi_dadd</name>
         <value>0xa71b</value>
         <object_component_ref idref="oc-2e0"/>
      </symbol>
      <symbol id="sm-953">
         <name>__aeabi_cdcmpeq</name>
         <value>0xaffd</value>
         <object_component_ref idref="oc-2bc"/>
      </symbol>
      <symbol id="sm-954">
         <name>__aeabi_cdcmple</name>
         <value>0xaffd</value>
         <object_component_ref idref="oc-2bc"/>
      </symbol>
      <symbol id="sm-955">
         <name>__aeabi_cdrcmple</name>
         <value>0xb083</value>
         <object_component_ref idref="oc-2cb"/>
      </symbol>
      <symbol id="sm-969">
         <name>__aeabi_ddiv</name>
         <value>0xa8c7</value>
         <object_component_ref idref="oc-2c6"/>
      </symbol>
      <symbol id="sm-974">
         <name>__aeabi_dmul</name>
         <value>0xac2d</value>
         <object_component_ref idref="oc-2c1"/>
      </symbol>
      <symbol id="sm-97e">
         <name>__aeabi_d2iz</name>
         <value>0xb6ad</value>
         <object_component_ref idref="oc-2d0"/>
      </symbol>
      <symbol id="sm-988">
         <name>__aeabi_i2d</name>
         <value>0xb885</value>
         <object_component_ref idref="oc-2db"/>
      </symbol>
      <symbol id="sm-990">
         <name>errno</name>
         <value>0x200009d8</value>
         <object_component_ref idref="oc-378"/>
      </symbol>
      <symbol id="sm-99a">
         <name>copysign</name>
         <value>0xba0d</value>
         <object_component_ref idref="oc-372"/>
      </symbol>
      <symbol id="sm-99b">
         <name>copysignl</name>
         <value>0xba0d</value>
         <object_component_ref idref="oc-372"/>
      </symbol>
      <symbol id="sm-99c">
         <name>__TI_static_base__</name>
         <value>0x0</value>
      </symbol>
      <symbol id="sm-99f">
         <name>__mpu_init</name>
         <value>0x0</value>
      </symbol>
      <symbol id="sm-9a0">
         <name>SHT$$INIT_ARRAY$$Limit</name>
         <value>0x0</value>
      </symbol>
      <symbol id="sm-9a1">
         <name>SHT$$INIT_ARRAY$$Base</name>
         <value>0x0</value>
      </symbol>
   </symbol_table>
   <title>Link successful</title>
</link_info>
